
*** Running vivado
    with args -log point_multi_core.vdi -applog -m64 -product Vivado -messageDb vivado.pb -mode batch -source point_multi_core.tcl -notrace


****** Vivado v2023.1 (64-bit)
  **** SW Build 3865809 on Sun May  7 15:04:56 MDT 2023
  **** IP Build 3864474 on Sun May  7 20:36:21 MDT 2023
  **** SharedData Build 3865790 on Sun May 07 13:33:03 MDT 2023
    ** Copyright 1986-2022 Xilinx, Inc. All Rights Reserved.
    ** Copyright 2022-2023 Advanced Micro Devices, Inc. All Rights Reserved.

source point_multi_core.tcl -notrace
create_project: Time (s): cpu = 00:00:07 ; elapsed = 00:00:07 . Memory (MB): peak = 2070.895 ; gain = 123.992 ; free physical = 4479 ; free virtual = 18999
Command: link_design -top point_multi_core -part xc7a100tcsg324-2L
Design is defaulting to srcset: sources_1
Design is defaulting to constrset: constrs_1
INFO: [Device 21-403] Loading part xc7a100tcsg324-2L
Netlist sorting complete. Time (s): cpu = 00:00:00.1 ; elapsed = 00:00:00.09 . Memory (MB): peak = 2449.785 ; gain = 0.000 ; free physical = 4078 ; free virtual = 18633
INFO: [Netlist 29-17] Analyzing 3088 Unisim elements for replacement
INFO: [Netlist 29-28] Unisim Transformation completed in 0 CPU seconds
INFO: [Project 1-479] Netlist was created with Vivado 2023.1
INFO: [Project 1-570] Preparing netlist for logic optimization
Netlist sorting complete. Time (s): cpu = 00:00:00 ; elapsed = 00:00:00 . Memory (MB): peak = 2543.660 ; gain = 0.000 ; free physical = 3962 ; free virtual = 18517
INFO: [Project 1-111] Unisim Transformation Summary:
  A total of 86 instances were transformed.
  RAM32M => RAM32M (RAMD32(x6), RAMS32(x2)): 86 instances

6 Infos, 0 Warnings, 0 Critical Warnings and 0 Errors encountered.
link_design completed successfully
link_design: Time (s): cpu = 00:00:06 ; elapsed = 00:00:07 . Memory (MB): peak = 2543.660 ; gain = 467.766 ; free physical = 3962 ; free virtual = 18517
Command: opt_design
Attempting to get a license for feature 'Implementation' and/or device 'xc7a100t'
INFO: [Common 17-349] Got license for feature 'Implementation' and/or device 'xc7a100t'
Running DRC as a precondition to command opt_design

Starting DRC Task
INFO: [DRC 23-27] Running DRC with 8 threads
INFO: [Project 1-461] DRC finished with 0 Errors
INFO: [Project 1-462] Please refer to the DRC report (report_drc) for more information.

Time (s): cpu = 00:00:01 ; elapsed = 00:00:00.6 . Memory (MB): peak = 2670.160 ; gain = 126.500 ; free physical = 3938 ; free virtual = 18494

Starting Cache Timing Information Task
INFO: [Timing 38-35] Done setting XDC timing constraints.
Ending Cache Timing Information Task | Checksum: 10ad7804b

Time (s): cpu = 00:00:07 ; elapsed = 00:00:07 . Memory (MB): peak = 3154.980 ; gain = 484.820 ; free physical = 3505 ; free virtual = 18096

Starting Logic Optimization Task

Phase 1 Retarget
INFO: [Opt 31-1566] Pulled 2 inverters resulting in an inversion of 6 pins
INFO: [Opt 31-138] Pushed 0 inverter(s) to 0 load pin(s).
INFO: [Opt 31-49] Retargeted 0 cell(s).
Phase 1 Retarget | Checksum: 1c75ba6e7

Time (s): cpu = 00:00:01 ; elapsed = 00:00:00.62 . Memory (MB): peak = 3505.836 ; gain = 56.027 ; free physical = 3196 ; free virtual = 17796
INFO: [Opt 31-389] Phase Retarget created 0 cells and removed 2 cells

Phase 2 Constant propagation
INFO: [Opt 31-138] Pushed 0 inverter(s) to 0 load pin(s).
Phase 2 Constant propagation | Checksum: 17f74ee4b

Time (s): cpu = 00:00:02 ; elapsed = 00:00:00.82 . Memory (MB): peak = 3505.836 ; gain = 56.027 ; free physical = 3196 ; free virtual = 17796
INFO: [Opt 31-389] Phase Constant propagation created 0 cells and removed 0 cells

Phase 3 Sweep
Phase 3 Sweep | Checksum: 14e6e02d5

Time (s): cpu = 00:00:02 ; elapsed = 00:00:01 . Memory (MB): peak = 3505.836 ; gain = 56.027 ; free physical = 3196 ; free virtual = 17796
INFO: [Opt 31-389] Phase Sweep created 0 cells and removed 0 cells

Phase 4 BUFG optimization
Phase 4 BUFG optimization | Checksum: 14e6e02d5

Time (s): cpu = 00:00:02 ; elapsed = 00:00:01 . Memory (MB): peak = 3537.852 ; gain = 88.043 ; free physical = 3192 ; free virtual = 17792
INFO: [Opt 31-662] Phase BUFG optimization created 0 cells of which 0 are BUFGs and removed 0 cells.

Phase 5 Shift Register Optimization
INFO: [Opt 31-1064] SRL Remap converted 0 SRLs to 0 registers and converted 0 registers of register chains to 0 SRLs
Phase 5 Shift Register Optimization | Checksum: 1ab0dbe4

Time (s): cpu = 00:00:03 ; elapsed = 00:00:02 . Memory (MB): peak = 3537.852 ; gain = 88.043 ; free physical = 3196 ; free virtual = 17796
INFO: [Opt 31-389] Phase Shift Register Optimization created 0 cells and removed 0 cells

Phase 6 Post Processing Netlist
Phase 6 Post Processing Netlist | Checksum: 1ab0dbe4

Time (s): cpu = 00:00:03 ; elapsed = 00:00:02 . Memory (MB): peak = 3537.852 ; gain = 88.043 ; free physical = 3196 ; free virtual = 17796
INFO: [Opt 31-389] Phase Post Processing Netlist created 0 cells and removed 0 cells
Opt_design Change Summary
=========================


-------------------------------------------------------------------------------------------------------------------------
|  Phase                        |  #Cells created  |  #Cells Removed  |  #Constrained objects preventing optimizations  |
-------------------------------------------------------------------------------------------------------------------------
|  Retarget                     |               0  |               2  |                                              0  |
|  Constant propagation         |               0  |               0  |                                              0  |
|  Sweep                        |               0  |               0  |                                              0  |
|  BUFG optimization            |               0  |               0  |                                              0  |
|  Shift Register Optimization  |               0  |               0  |                                              0  |
|  Post Processing Netlist      |               0  |               0  |                                              0  |
-------------------------------------------------------------------------------------------------------------------------



Starting Connectivity Check Task

Time (s): cpu = 00:00:00.04 ; elapsed = 00:00:00.1 . Memory (MB): peak = 3537.852 ; gain = 0.000 ; free physical = 3196 ; free virtual = 17796
Ending Logic Optimization Task | Checksum: 1ab0dbe4

Time (s): cpu = 00:00:03 ; elapsed = 00:00:02 . Memory (MB): peak = 3537.852 ; gain = 88.043 ; free physical = 3196 ; free virtual = 17796

Starting Power Optimization Task
INFO: [Pwropt 34-132] Skipping clock gating for clocks with a period < 2.00 ns.
Ending Power Optimization Task | Checksum: 1ab0dbe4

Time (s): cpu = 00:00:00.02 ; elapsed = 00:00:00.02 . Memory (MB): peak = 3537.852 ; gain = 0.000 ; free physical = 3197 ; free virtual = 17797

Starting Final Cleanup Task
Ending Final Cleanup Task | Checksum: 1ab0dbe4

Time (s): cpu = 00:00:00 ; elapsed = 00:00:00 . Memory (MB): peak = 3537.852 ; gain = 0.000 ; free physical = 3197 ; free virtual = 17797

Starting Netlist Obfuscation Task
Netlist sorting complete. Time (s): cpu = 00:00:00 ; elapsed = 00:00:00.01 . Memory (MB): peak = 3537.852 ; gain = 0.000 ; free physical = 3197 ; free virtual = 17797
Ending Netlist Obfuscation Task | Checksum: 1ab0dbe4

Time (s): cpu = 00:00:00 ; elapsed = 00:00:00.01 . Memory (MB): peak = 3537.852 ; gain = 0.000 ; free physical = 3197 ; free virtual = 17797
INFO: [Common 17-83] Releasing license: Implementation
24 Infos, 0 Warnings, 0 Critical Warnings and 0 Errors encountered.
opt_design completed successfully
opt_design: Time (s): cpu = 00:00:14 ; elapsed = 00:00:12 . Memory (MB): peak = 3537.852 ; gain = 994.191 ; free physical = 3197 ; free virtual = 17797
INFO: [runtcl-4] Executing : report_drc -file point_multi_core_drc_opted.rpt -pb point_multi_core_drc_opted.pb -rpx point_multi_core_drc_opted.rpx
Command: report_drc -file point_multi_core_drc_opted.rpt -pb point_multi_core_drc_opted.pb -rpx point_multi_core_drc_opted.rpx
INFO: [IP_Flow 19-234] Refreshing IP repositories
INFO: [IP_Flow 19-1704] No user IP repositories specified
INFO: [IP_Flow 19-2313] Loaded Vivado IP repository '/tools/Xilinx/Vivado/2023.1/data/ip'.
INFO: [DRC 23-27] Running DRC with 8 threads
INFO: [Vivado_Tcl 2-168] The results of DRC are in file /home/bowang1308/Documents/Ed25519_DBQ/Ed25519_DBQ.runs/impl_1/point_multi_core_drc_opted.rpt.
report_drc completed successfully
INFO: [Common 17-1381] The checkpoint '/home/bowang1308/Documents/Ed25519_DBQ/Ed25519_DBQ.runs/impl_1/point_multi_core_opt.dcp' has been generated.
Command: place_design
Attempting to get a license for feature 'Implementation' and/or device 'xc7a100t'
INFO: [Common 17-349] Got license for feature 'Implementation' and/or device 'xc7a100t'
INFO: [DRC 23-27] Running DRC with 8 threads
INFO: [Vivado_Tcl 4-198] DRC finished with 0 Errors
INFO: [Vivado_Tcl 4-199] Please refer to the DRC report (report_drc) for more information.
Running DRC as a precondition to command place_design
INFO: [DRC 23-27] Running DRC with 8 threads
INFO: [Vivado_Tcl 4-198] DRC finished with 0 Errors
INFO: [Vivado_Tcl 4-199] Please refer to the DRC report (report_drc) for more information.

Starting Placer Task
INFO: [Place 30-611] Multithreading enabled for place_design using a maximum of 8 CPUs

Phase 1 Placer Initialization

Phase 1.1 Placer Initialization Netlist Sorting
Netlist sorting complete. Time (s): cpu = 00:00:00 ; elapsed = 00:00:00 . Memory (MB): peak = 3601.883 ; gain = 0.000 ; free physical = 3124 ; free virtual = 17744
Phase 1.1 Placer Initialization Netlist Sorting | Checksum: 194b6858

Time (s): cpu = 00:00:00.02 ; elapsed = 00:00:00.02 . Memory (MB): peak = 3601.883 ; gain = 0.000 ; free physical = 3124 ; free virtual = 17744
Netlist sorting complete. Time (s): cpu = 00:00:00 ; elapsed = 00:00:00.01 . Memory (MB): peak = 3601.883 ; gain = 0.000 ; free physical = 3124 ; free virtual = 17745

Phase 1.2 IO Placement/ Clock Placement/ Build Placer Device
ERROR: [Place 30-415] IO Placement failed due to overutilization. This design contains 1284 I/O ports
 while the target  device: 7a100t package: csg324, contains only 210 available user I/O. The target device has 210 usable I/O pins of which 0 are already occupied by user-locked I/Os.
 To rectify this issue:
 1. Ensure you are targeting the correct device and package.  Select a larger device or different package if necessary.
 2. Check the top-level ports of the design to ensure the correct number of ports are specified.
 3. Consider design changes to reduce the number of I/Os necessary.
INFO: [Timing 38-35] Done setting XDC timing constraints.
ERROR: [Place 30-68] Instance clk_IBUF_BUFG_inst (BUFG) is not placed
ERROR: [Place 30-68] Instance clk_IBUF_inst (IBUF) is not placed
ERROR: [Place 30-68] Instance done_OBUF_inst (OBUF) is not placed
ERROR: [Place 30-68] Instance k_IBUF[0]_inst (IBUF) is not placed
ERROR: [Place 30-68] Instance k_IBUF[100]_inst (IBUF) is not placed
ERROR: [Place 30-68] Instance k_IBUF[101]_inst (IBUF) is not placed
ERROR: [Place 30-68] Instance k_IBUF[102]_inst (IBUF) is not placed
ERROR: [Place 30-68] Instance k_IBUF[103]_inst (IBUF) is not placed
ERROR: [Place 30-68] Instance k_IBUF[104]_inst (IBUF) is not placed
ERROR: [Place 30-68] Instance k_IBUF[105]_inst (IBUF) is not placed
ERROR: [Place 30-68] Instance k_IBUF[106]_inst (IBUF) is not placed
ERROR: [Place 30-68] Instance k_IBUF[107]_inst (IBUF) is not placed
ERROR: [Place 30-68] Instance k_IBUF[108]_inst (IBUF) is not placed
ERROR: [Place 30-68] Instance k_IBUF[109]_inst (IBUF) is not placed
ERROR: [Place 30-68] Instance k_IBUF[10]_inst (IBUF) is not placed
ERROR: [Place 30-68] Instance k_IBUF[110]_inst (IBUF) is not placed
ERROR: [Place 30-68] Instance k_IBUF[111]_inst (IBUF) is not placed
ERROR: [Place 30-68] Instance k_IBUF[112]_inst (IBUF) is not placed
ERROR: [Place 30-68] Instance k_IBUF[113]_inst (IBUF) is not placed
ERROR: [Place 30-68] Instance k_IBUF[114]_inst (IBUF) is not placed
ERROR: [Place 30-68] Instance k_IBUF[115]_inst (IBUF) is not placed
ERROR: [Place 30-68] Instance k_IBUF[116]_inst (IBUF) is not placed
ERROR: [Place 30-68] Instance k_IBUF[117]_inst (IBUF) is not placed
ERROR: [Place 30-68] Instance k_IBUF[118]_inst (IBUF) is not placed
ERROR: [Place 30-68] Instance k_IBUF[119]_inst (IBUF) is not placed
ERROR: [Place 30-68] Instance k_IBUF[11]_inst (IBUF) is not placed
ERROR: [Place 30-68] Instance k_IBUF[120]_inst (IBUF) is not placed
ERROR: [Place 30-68] Instance k_IBUF[121]_inst (IBUF) is not placed
ERROR: [Place 30-68] Instance k_IBUF[122]_inst (IBUF) is not placed
ERROR: [Place 30-68] Instance k_IBUF[123]_inst (IBUF) is not placed
ERROR: [Place 30-68] Instance k_IBUF[124]_inst (IBUF) is not placed
ERROR: [Place 30-68] Instance k_IBUF[125]_inst (IBUF) is not placed
ERROR: [Place 30-68] Instance k_IBUF[126]_inst (IBUF) is not placed
ERROR: [Place 30-68] Instance k_IBUF[127]_inst (IBUF) is not placed
ERROR: [Place 30-68] Instance k_IBUF[128]_inst (IBUF) is not placed
ERROR: [Place 30-68] Instance k_IBUF[129]_inst (IBUF) is not placed
ERROR: [Place 30-68] Instance k_IBUF[12]_inst (IBUF) is not placed
ERROR: [Place 30-68] Instance k_IBUF[130]_inst (IBUF) is not placed
ERROR: [Place 30-68] Instance k_IBUF[131]_inst (IBUF) is not placed
ERROR: [Place 30-68] Instance k_IBUF[132]_inst (IBUF) is not placed
ERROR: [Place 30-68] Instance k_IBUF[133]_inst (IBUF) is not placed
ERROR: [Place 30-68] Instance k_IBUF[134]_inst (IBUF) is not placed
ERROR: [Place 30-68] Instance k_IBUF[135]_inst (IBUF) is not placed
ERROR: [Place 30-68] Instance k_IBUF[136]_inst (IBUF) is not placed
ERROR: [Place 30-68] Instance k_IBUF[137]_inst (IBUF) is not placed
ERROR: [Place 30-68] Instance k_IBUF[138]_inst (IBUF) is not placed
ERROR: [Place 30-68] Instance k_IBUF[139]_inst (IBUF) is not placed
ERROR: [Place 30-68] Instance k_IBUF[13]_inst (IBUF) is not placed
ERROR: [Place 30-68] Instance k_IBUF[140]_inst (IBUF) is not placed
ERROR: [Place 30-68] Instance k_IBUF[141]_inst (IBUF) is not placed
ERROR: [Place 30-68] Instance k_IBUF[142]_inst (IBUF) is not placed
ERROR: [Place 30-68] Instance k_IBUF[143]_inst (IBUF) is not placed
ERROR: [Place 30-68] Instance k_IBUF[144]_inst (IBUF) is not placed
ERROR: [Place 30-68] Instance k_IBUF[145]_inst (IBUF) is not placed
ERROR: [Place 30-68] Instance k_IBUF[146]_inst (IBUF) is not placed
ERROR: [Place 30-68] Instance k_IBUF[147]_inst (IBUF) is not placed
ERROR: [Place 30-68] Instance k_IBUF[148]_inst (IBUF) is not placed
ERROR: [Place 30-68] Instance k_IBUF[149]_inst (IBUF) is not placed
ERROR: [Place 30-68] Instance k_IBUF[14]_inst (IBUF) is not placed
ERROR: [Place 30-68] Instance k_IBUF[150]_inst (IBUF) is not placed
ERROR: [Place 30-68] Instance k_IBUF[151]_inst (IBUF) is not placed
ERROR: [Place 30-68] Instance k_IBUF[152]_inst (IBUF) is not placed
ERROR: [Place 30-68] Instance k_IBUF[153]_inst (IBUF) is not placed
ERROR: [Place 30-68] Instance k_IBUF[154]_inst (IBUF) is not placed
ERROR: [Place 30-68] Instance k_IBUF[155]_inst (IBUF) is not placed
ERROR: [Place 30-68] Instance k_IBUF[156]_inst (IBUF) is not placed
ERROR: [Place 30-68] Instance k_IBUF[157]_inst (IBUF) is not placed
ERROR: [Place 30-68] Instance k_IBUF[158]_inst (IBUF) is not placed
ERROR: [Place 30-68] Instance k_IBUF[159]_inst (IBUF) is not placed
ERROR: [Place 30-68] Instance k_IBUF[15]_inst (IBUF) is not placed
ERROR: [Place 30-68] Instance k_IBUF[160]_inst (IBUF) is not placed
ERROR: [Place 30-68] Instance k_IBUF[161]_inst (IBUF) is not placed
ERROR: [Place 30-68] Instance k_IBUF[162]_inst (IBUF) is not placed
ERROR: [Place 30-68] Instance k_IBUF[163]_inst (IBUF) is not placed
ERROR: [Place 30-68] Instance k_IBUF[164]_inst (IBUF) is not placed
ERROR: [Place 30-68] Instance k_IBUF[165]_inst (IBUF) is not placed
ERROR: [Place 30-68] Instance k_IBUF[166]_inst (IBUF) is not placed
ERROR: [Place 30-68] Instance k_IBUF[167]_inst (IBUF) is not placed
ERROR: [Place 30-68] Instance k_IBUF[168]_inst (IBUF) is not placed
ERROR: [Place 30-68] Instance k_IBUF[169]_inst (IBUF) is not placed
ERROR: [Place 30-68] Instance k_IBUF[16]_inst (IBUF) is not placed
ERROR: [Place 30-68] Instance k_IBUF[170]_inst (IBUF) is not placed
ERROR: [Place 30-68] Instance k_IBUF[171]_inst (IBUF) is not placed
ERROR: [Place 30-68] Instance k_IBUF[172]_inst (IBUF) is not placed
ERROR: [Place 30-68] Instance k_IBUF[173]_inst (IBUF) is not placed
ERROR: [Place 30-68] Instance k_IBUF[174]_inst (IBUF) is not placed
ERROR: [Place 30-68] Instance k_IBUF[175]_inst (IBUF) is not placed
ERROR: [Place 30-68] Instance k_IBUF[176]_inst (IBUF) is not placed
ERROR: [Place 30-68] Instance k_IBUF[177]_inst (IBUF) is not placed
ERROR: [Place 30-68] Instance k_IBUF[178]_inst (IBUF) is not placed
ERROR: [Place 30-68] Instance k_IBUF[179]_inst (IBUF) is not placed
ERROR: [Place 30-68] Instance k_IBUF[17]_inst (IBUF) is not placed
ERROR: [Place 30-68] Instance k_IBUF[180]_inst (IBUF) is not placed
ERROR: [Place 30-68] Instance k_IBUF[181]_inst (IBUF) is not placed
ERROR: [Place 30-68] Instance k_IBUF[182]_inst (IBUF) is not placed
ERROR: [Place 30-68] Instance k_IBUF[183]_inst (IBUF) is not placed
ERROR: [Place 30-68] Instance k_IBUF[184]_inst (IBUF) is not placed
ERROR: [Place 30-68] Instance k_IBUF[185]_inst (IBUF) is not placed
ERROR: [Place 30-68] Instance k_IBUF[186]_inst (IBUF) is not placed
ERROR: [Place 30-68] Instance k_IBUF[187]_inst (IBUF) is not placed
INFO: [Common 17-14] Message 'Place 30-68' appears 100 times and further instances of the messages will be disabled. Use the Tcl command set_msg_config to change the current settings.
Phase 1.2 IO Placement/ Clock Placement/ Build Placer Device | Checksum: 92d91268

Time (s): cpu = 00:00:04 ; elapsed = 00:00:01 . Memory (MB): peak = 3601.883 ; gain = 0.000 ; free physical = 3104 ; free virtual = 17731
Phase 1 Placer Initialization | Checksum: 92d91268

Time (s): cpu = 00:00:04 ; elapsed = 00:00:01 . Memory (MB): peak = 3601.883 ; gain = 0.000 ; free physical = 3104 ; free virtual = 17731
ERROR: [Place 30-99] Placer failed with error: 'IO Clock Placer failed'
Please review all ERROR, CRITICAL WARNING, and WARNING messages during placement to understand the cause for failure.
Ending Placer Task | Checksum: 92d91268

Time (s): cpu = 00:00:04 ; elapsed = 00:00:01 . Memory (MB): peak = 3601.883 ; gain = 0.000 ; free physical = 3104 ; free virtual = 17731
INFO: [Common 17-83] Releasing license: Implementation
42 Infos, 0 Warnings, 0 Critical Warnings and 103 Errors encountered.
place_design failed
ERROR: [Common 17-69] Command failed: Placer could not place all instances
INFO: [Common 17-206] Exiting Vivado at Fri Aug  1 11:29:13 2025...
