Vivado Simulator v2023.1
Copyright 1986-2022 Xilinx, Inc. All Rights Reserved.
Copyright 2022-2023 Advanced Micro Devices, Inc. All Rights Reserved.
Running: /tools/Xilinx/Vivado/2023.1/bin/unwrapped/lnx64.o/xelab --incr --debug typical --relax --mt 8 -L xil_defaultlib -L uvm -L unisims_ver -L unimacro_ver -L secureip --snapshot tb_Interleaved_Modular_behav xil_defaultlib.tb_Interleaved_Modular xil_defaultlib.glbl -log elaborate.log 
Using 8 slave threads.
Starting static elaboration
Pass Through NonSizing Optimizer
Completed static elaboration
Starting simulation data flow analysis
WARNING: [XSIM 43-4099] "/home/bowang1308/Documents/Ed25519_DBQ/Ed25519_DBQ.srcs/sources_1/new/mod_p_seq.sv" Line 1. Module mod_p_ed25519_seq doesn't have a timescale but at least one module in design has a timescale.
WARNING: [XSIM 43-4099] "/home/bowang1308/Documents/Ed25519_DBQ/Ed25519_DBQ.srcs/sources_1/new/mod_p_seq.sv" Line 1. Module mod_p_ed25519_seq doesn't have a timescale but at least one module in design has a timescale.
WARNING: [XSIM 43-4099] "/home/bowang1308/Documents/Ed25519_DBQ/Ed25519_DBQ.srcs/sources_1/new/mod_p_seq.sv" Line 1. Module mod_p_ed25519_seq doesn't have a timescale but at least one module in design has a timescale.
WARNING: [XSIM 43-4099] "/home/bowang1308/Documents/Ed25519_DBQ/Ed25519_DBQ.srcs/sources_1/new/mod_p_seq.sv" Line 1. Module mod_p_ed25519_seq doesn't have a timescale but at least one module in design has a timescale.
Completed simulation data flow analysis
Time Resolution for simulation is 1ps
Compiling module xil_defaultlib.mod_p_ed25519_seq
Compiling module xil_defaultlib.ramY_2
Compiling module xil_defaultlib.ROM
Compiling module xil_defaultlib.Shift_mod
Compiling module xil_defaultlib.CSA(WIDTH=260)
Compiling module xil_defaultlib.REG(WIDTH=260)
Compiling module xil_defaultlib.Interleaved_Modular_Multi_defaul...
Compiling module xil_defaultlib.tb_Interleaved_Modular
Compiling module xil_defaultlib.glbl
Built simulation snapshot tb_Interleaved_Modular_behav
