Time resolution is 1 ps
===== START SIMULATION =====
TEST 0:
  k  = 0x0000000000000000000000000000000000000000000000000000000000000005
  px = 0x216936d3cd6e53fec0a4e231fdd6dc5c692cc7609525a7b2c9562d608f25d51a
  py = 0x6666666666666666666666666666666666666666666666666666666666666658
  qx = 0x49fda73eade3587bfcef7cf7d12da5de5c2819f93e1be1a591409cc0322ef233
  qy = 0x5f4825b298feae6fe02c6e148992466631282eca89430b5d10d21f83d676c8ed
  PASS

TEST 1:
  k  = 0x0000000000000000000000000000000000000000000000000000000000000009
  px = 0x216936d3cd6e53fec0a4e231fdd6dc5c692cc7609525a7b2c9562d608f25d51a
  py = 0x6666666666666666666666666666666666666666666666666666666666666658
  qx = 0x357cc970c80071651bf336e06f9422b886d80e5c2e4e0294d3e023065185715c
  qy = 0x7f3d23c2c2dd0df4b2befce956f2d2fd1f789013236e4430c74e44845522f1c0
  PASS

TEST 2:
  k  = 0x000000000000000000000000000000000000000000000000000000000000000a
  px = 0x216936d3cd6e53fec0a4e231fdd6dc5c692cc7609525a7b2c9562d608f25d51a
  py = 0x6666666666666666666666666666666666666666666666666666666666666658
  qx = 0x602c797e30ca6d754470b60ed2bc8677207e8e4ed836f81444951f224877f94f
  qy = 0x637ffcaa7a1b2477c8e44d54c898bfcf2576a6853de0e843ba8874b06ae87b2c
  PASS

===== END SIMULATION =====
$stop called at time : 10613835 ns : File "/home/bowang1308/Documents/Ed25519_DBQ/Ed25519_DBQ.srcs/sim_1/new/tb_point_multi_core.v" Line 136
===== START SIMULATION =====
TEST 0:
  k  = 0x0000000000000000000000000000000000000000000000000000000000000005
  px = 0x216936d3cd6e53fec0a4e231fdd6dc5c692cc7609525a7b2c9562d608f25d51a
  py = 0x6666666666666666666666666666666666666666666666666666666666666658
  qx = 0x49fda73eade3587bfcef7cf7d12da5de5c2819f93e1be1a591409cc0322ef233
  qy = 0x5f4825b298feae6fe02c6e148992466631282eca89430b5d10d21f83d676c8ed
  PASS

TEST 1:
  k  = 0x0000000000000000000000000000000000000000000000000000000000000009
  px = 0x216936d3cd6e53fec0a4e231fdd6dc5c692cc7609525a7b2c9562d608f25d51a
  py = 0x6666666666666666666666666666666666666666666666666666666666666658
  qx = 0x357cc970c80071651bf336e06f9422b886d80e5c2e4e0294d3e023065185715c
  qy = 0x7f3d23c2c2dd0df4b2befce956f2d2fd1f789013236e4430c74e44845522f1c0
  PASS

TEST 2:
  k  = 0x000000000000000000000000000000000000000000000000000000000000000a
  px = 0x216936d3cd6e53fec0a4e231fdd6dc5c692cc7609525a7b2c9562d608f25d51a
  py = 0x6666666666666666666666666666666666666666666666666666666666666658
  qx = 0x602c797e30ca6d754470b60ed2bc8677207e8e4ed836f81444951f224877f94f
  qy = 0x637ffcaa7a1b2477c8e44d54c898bfcf2576a6853de0e843ba8874b06ae87b2c
  PASS

===== END SIMULATION =====
$stop called at time : 10613835 ns : File "/home/bowang1308/Documents/Ed25519_DBQ/Ed25519_DBQ.srcs/sim_1/new/tb_point_multi_core.v" Line 136
INFO: xsimkernel Simulation Memory Usage: 106400 KB (Peak: 163116 KB), Simulation CPU Usage: 11630 ms
