INFO: [VRFC 10-2263] Analyzing Verilog file "/home/bowang1308/Documents/Ed25519_DBQ/Ed25519_DBQ.srcs/sources_1/new/ALU_UNIT.v" into library xil_defaultlib
INFO: [VRFC 10-311] analyzing module ALU_UNIT
INFO: [VRFC 10-2263] Analyzing Verilog file "/home/bowang1308/Documents/Ed25519_DBQ/Ed25519_DBQ.srcs/sources_1/new/CPA.v" into library xil_defaultlib
INFO: [VRFC 10-311] analyzing module CPA
INFO: [VRFC 10-2263] Analyzing Verilog file "/home/bowang1308/Documents/Ed25519_DBQ/Ed25519_DBQ.srcs/sources_1/new/CPA_sub.v" into library xil_defaultlib
INFO: [VRFC 10-311] analyzing module CPA_sub
INFO: [VRFC 10-2263] Analyzing Verilog file "/home/bowang1308/Documents/Ed25519_DBQ/Ed25519_DBQ.srcs/sources_1/new/CSA.v" into library xil_defaultlib
INFO: [VRFC 10-311] analyzing module CSA
INFO: [VRFC 10-2263] Analyzing Verilog file "/home/bowang1308/Documents/Ed25519_DBQ/Ed25519_DBQ.srcs/sources_1/new/ECPA_SM.v" into library xil_defaultlib
INFO: [VRFC 10-311] analyzing module ECPA_SM
INFO: [VRFC 10-2263] Analyzing Verilog file "/home/bowang1308/Documents/Ed25519_DBQ/Ed25519_DBQ.srcs/sources_1/new/ECPD_SM.v" into library xil_defaultlib
INFO: [VRFC 10-311] analyzing module ECPD_SM
INFO: [VRFC 10-2263] Analyzing Verilog file "/home/bowang1308/Documents/Ed25519_DBQ/Ed25519_DBQ.srcs/sources_1/new/Interleaved_Modular_Multi.v" into library xil_defaultlib
INFO: [VRFC 10-311] analyzing module Interleaved_Modular_Multi
INFO: [VRFC 10-2263] Analyzing Verilog file "/home/bowang1308/Documents/Ed25519_DBQ/Ed25519_DBQ.srcs/sources_1/new/RAM_Y_GEN.v" into library xil_defaultlib
INFO: [VRFC 10-311] analyzing module RAM_Y_GEN
INFO: [VRFC 10-2263] Analyzing Verilog file "/home/bowang1308/Documents/Ed25519_DBQ/Ed25519_DBQ.srcs/sources_1/new/REG.v" into library xil_defaultlib
INFO: [VRFC 10-311] analyzing module REG
INFO: [VRFC 10-2263] Analyzing Verilog file "/home/bowang1308/Documents/Ed25519_DBQ/Ed25519_DBQ.srcs/sources_1/new/ROM.v" into library xil_defaultlib
INFO: [VRFC 10-311] analyzing module ROM
INFO: [VRFC 10-2263] Analyzing Verilog file "/home/bowang1308/Documents/Ed25519_DBQ/Ed25519_DBQ.srcs/sources_1/new/Scalar_multi_SM.v" into library xil_defaultlib
INFO: [VRFC 10-311] analyzing module Scalar_multi_SM
INFO: [VRFC 10-2263] Analyzing Verilog file "/home/bowang1308/Documents/Ed25519_DBQ/Ed25519_DBQ.srcs/sources_1/new/Shift_mod.v" into library xil_defaultlib
INFO: [VRFC 10-311] analyzing module Shift_mod
INFO: [VRFC 10-2263] Analyzing Verilog file "/home/bowang1308/Documents/Ed25519_DBQ/Ed25519_DBQ.srcs/sources_1/new/alu.v" into library xil_defaultlib
INFO: [VRFC 10-311] analyzing module alu
INFO: [VRFC 10-2263] Analyzing Verilog file "/home/bowang1308/Documents/Ed25519_DBQ/Ed25519_DBQ.srcs/sources_1/new/invert.v" into library xil_defaultlib
INFO: [VRFC 10-311] analyzing module invert
INFO: [VRFC 10-2263] Analyzing Verilog file "/home/bowang1308/Documents/Ed25519_DBQ/Ed25519_DBQ.srcs/sources_1/new/mod_p.v" into library xil_defaultlib
INFO: [VRFC 10-311] analyzing module mod_p
INFO: [VRFC 10-2263] Analyzing Verilog file "/home/bowang1308/Documents/Ed25519_DBQ/Ed25519_DBQ.srcs/sources_1/new/modular_adder.v" into library xil_defaultlib
INFO: [VRFC 10-311] analyzing module modular_adder
INFO: [VRFC 10-2263] Analyzing Verilog file "/home/bowang1308/Documents/Ed25519_DBQ/Ed25519_DBQ.srcs/sources_1/new/modular_sub.v" into library xil_defaultlib
INFO: [VRFC 10-311] analyzing module modular_sub
INFO: [VRFC 10-2263] Analyzing Verilog file "/home/bowang1308/Documents/Ed25519_DBQ/Ed25519_DBQ.srcs/sources_1/new/point_multi_core.v" into library xil_defaultlib
INFO: [VRFC 10-311] analyzing module point_multi_core
INFO: [VRFC 10-2263] Analyzing Verilog file "/home/bowang1308/Documents/Ed25519_DBQ/Ed25519_DBQ.srcs/sources_1/new/regbank.v" into library xil_defaultlib
INFO: [VRFC 10-311] analyzing module regbank
INFO: [VRFC 10-2263] Analyzing Verilog file "/home/bowang1308/Documents/Ed25519_DBQ/Ed25519_DBQ.srcs/sim_1/new/tb_point_multi_core.v" into library xil_defaultlib
INFO: [VRFC 10-311] analyzing module tb_point_multi_core
