Copyright 1986-2022 Xilinx, Inc. All Rights Reserved. Copyright 2022-2023 Advanced Micro Devices, Inc. All Rights Reserved.
---------------------------------------------------------------------------------------------------------------------------------------------
| Tool Version : Vivado v.2023.1 (lin64) Build 3865809 Sun May  7 15:04:56 MDT 2023
| Date         : Fri Aug  1 11:28:12 2025
| Host         : bowang1308-Precision-M4800 running 64-bit Ubuntu 22.04.5 LTS
| Command      : report_utilization -file point_multi_core_utilization_synth.rpt -pb point_multi_core_utilization_synth.pb
| Design       : point_multi_core
| Device       : xc7a100tcsg324-2L
| Speed File   : -2L
| Design State : Synthesized
---------------------------------------------------------------------------------------------------------------------------------------------

Utilization Design Information

Table of Contents
-----------------
1. Slice Logic
1.1 Summary of Registers by Type
2. Memory
3. DSP
4. IO and GT Specific
5. Clocking
6. Specific Feature
7. Primitives
8. Black Boxes
9. Instantiated Netlists

1. Slice Logic
--------------

+----------------------------+-------+-------+------------+-----------+-------+
|          Site Type         |  Used | Fixed | Prohibited | Available | Util% |
+----------------------------+-------+-------+------------+-----------+-------+
| Slice LUTs*                | 16046 |     0 |          0 |     63400 | 25.31 |
|   LUT as Logic             | 15702 |     0 |          0 |     63400 | 24.77 |
|   LUT as Memory            |   344 |     0 |          0 |     19000 |  1.81 |
|     LUT as Distributed RAM |   344 |     0 |            |           |       |
|     LUT as Shift Register  |     0 |     0 |            |           |       |
| Slice Registers            | 10575 |     0 |          0 |    126800 |  8.34 |
|   Register as Flip Flop    | 10575 |     0 |          0 |    126800 |  8.34 |
|   Register as Latch        |     0 |     0 |          0 |    126800 |  0.00 |
| F7 Muxes                   |    94 |     0 |          0 |     31700 |  0.30 |
| F8 Muxes                   |    36 |     0 |          0 |     15850 |  0.23 |
+----------------------------+-------+-------+------------+-----------+-------+
* Warning! The Final LUT count, after physical optimizations and full implementation, is typically lower. Run opt_design after synthesis, if not already completed, for a more realistic count.
Warning! LUT value is adjusted to account for LUT combining.


1.1 Summary of Registers by Type
--------------------------------

+-------+--------------+-------------+--------------+
| Total | Clock Enable | Synchronous | Asynchronous |
+-------+--------------+-------------+--------------+
| 0     |            _ |           - |            - |
| 0     |            _ |           - |          Set |
| 0     |            _ |           - |        Reset |
| 0     |            _ |         Set |            - |
| 0     |            _ |       Reset |            - |
| 0     |          Yes |           - |            - |
| 35    |          Yes |           - |          Set |
| 7058  |          Yes |           - |        Reset |
| 0     |          Yes |         Set |            - |
| 3482  |          Yes |       Reset |            - |
+-------+--------------+-------------+--------------+


2. Memory
---------

+----------------+------+-------+------------+-----------+-------+
|    Site Type   | Used | Fixed | Prohibited | Available | Util% |
+----------------+------+-------+------------+-----------+-------+
| Block RAM Tile |    0 |     0 |          0 |       135 |  0.00 |
|   RAMB36/FIFO* |    0 |     0 |          0 |       135 |  0.00 |
|   RAMB18       |    0 |     0 |          0 |       270 |  0.00 |
+----------------+------+-------+------------+-----------+-------+
* Note: Each Block RAM Tile only has one FIFO logic available and therefore can accommodate only one FIFO36E1 or one FIFO18E1. However, if a FIFO18E1 occupies a Block RAM Tile, that tile can still accommodate a RAMB18E1


3. DSP
------

+-----------+------+-------+------------+-----------+-------+
| Site Type | Used | Fixed | Prohibited | Available | Util% |
+-----------+------+-------+------------+-----------+-------+
| DSPs      |    0 |     0 |          0 |       240 |  0.00 |
+-----------+------+-------+------------+-----------+-------+


4. IO and GT Specific
---------------------

+-----------------------------+------+-------+------------+-----------+--------+
|          Site Type          | Used | Fixed | Prohibited | Available |  Util% |
+-----------------------------+------+-------+------------+-----------+--------+
| Bonded IOB                  | 1284 |     0 |          0 |       210 | 611.43 |
| Bonded IPADs                |    0 |     0 |          0 |         2 |   0.00 |
| PHY_CONTROL                 |    0 |     0 |          0 |         6 |   0.00 |
| PHASER_REF                  |    0 |     0 |          0 |         6 |   0.00 |
| OUT_FIFO                    |    0 |     0 |          0 |        24 |   0.00 |
| IN_FIFO                     |    0 |     0 |          0 |        24 |   0.00 |
| IDELAYCTRL                  |    0 |     0 |          0 |         6 |   0.00 |
| IBUFDS                      |    0 |     0 |          0 |       202 |   0.00 |
| PHASER_OUT/PHASER_OUT_PHY   |    0 |     0 |          0 |        24 |   0.00 |
| PHASER_IN/PHASER_IN_PHY     |    0 |     0 |          0 |        24 |   0.00 |
| IDELAYE2/IDELAYE2_FINEDELAY |    0 |     0 |          0 |       300 |   0.00 |
| ILOGIC                      |    0 |     0 |          0 |       210 |   0.00 |
| OLOGIC                      |    0 |     0 |          0 |       210 |   0.00 |
+-----------------------------+------+-------+------------+-----------+--------+


5. Clocking
-----------

+------------+------+-------+------------+-----------+-------+
|  Site Type | Used | Fixed | Prohibited | Available | Util% |
+------------+------+-------+------------+-----------+-------+
| BUFGCTRL   |    1 |     0 |          0 |        32 |  3.13 |
| BUFIO      |    0 |     0 |          0 |        24 |  0.00 |
| MMCME2_ADV |    0 |     0 |          0 |         6 |  0.00 |
| PLLE2_ADV  |    0 |     0 |          0 |         6 |  0.00 |
| BUFMRCE    |    0 |     0 |          0 |        12 |  0.00 |
| BUFHCE     |    0 |     0 |          0 |        96 |  0.00 |
| BUFR       |    0 |     0 |          0 |        24 |  0.00 |
+------------+------+-------+------------+-----------+-------+


6. Specific Feature
-------------------

+-------------+------+-------+------------+-----------+-------+
|  Site Type  | Used | Fixed | Prohibited | Available | Util% |
+-------------+------+-------+------------+-----------+-------+
| BSCANE2     |    0 |     0 |          0 |         4 |  0.00 |
| CAPTUREE2   |    0 |     0 |          0 |         1 |  0.00 |
| DNA_PORT    |    0 |     0 |          0 |         1 |  0.00 |
| EFUSE_USR   |    0 |     0 |          0 |         1 |  0.00 |
| FRAME_ECCE2 |    0 |     0 |          0 |         1 |  0.00 |
| ICAPE2      |    0 |     0 |          0 |         2 |  0.00 |
| PCIE_2_1    |    0 |     0 |          0 |         1 |  0.00 |
| STARTUPE2   |    0 |     0 |          0 |         1 |  0.00 |
| XADC        |    0 |     0 |          0 |         1 |  0.00 |
+-------------+------+-------+------------+-----------+-------+


7. Primitives
-------------

+----------+------+---------------------+
| Ref Name | Used | Functional Category |
+----------+------+---------------------+
| LUT2     | 8830 |                 LUT |
| FDCE     | 7058 |        Flop & Latch |
| FDRE     | 3482 |        Flop & Latch |
| LUT4     | 3092 |                 LUT |
| LUT6     | 2988 |                 LUT |
| CARRY4   | 2872 |          CarryLogic |
| LUT3     | 1774 |                 LUT |
| LUT5     |  865 |                 LUT |
| IBUF     |  771 |                  IO |
| RAMD32   |  516 |  Distributed Memory |
| OBUF     |  513 |                  IO |
| LUT1     |  330 |                 LUT |
| RAMS32   |  172 |  Distributed Memory |
| MUXF7    |   94 |               MuxFx |
| MUXF8    |   36 |               MuxFx |
| FDPE     |   35 |        Flop & Latch |
| BUFG     |    1 |               Clock |
+----------+------+---------------------+


8. Black Boxes
--------------

+----------+------+
| Ref Name | Used |
+----------+------+


9. Instantiated Netlists
------------------------

+----------+------+
| Ref Name | Used |
+----------+------+


