
*** Running vivado
    with args -log point_multi_core.vds -m64 -product Vivado -mode batch -messageDb vivado.pb -notrace -source point_multi_core.tcl


****** Vivado v2023.1 (64-bit)
  **** SW Build 3865809 on Sun May  7 15:04:56 MDT 2023
  **** IP Build 3864474 on Sun May  7 20:36:21 MDT 2023
  **** SharedData Build 3865790 on Sun May 07 13:33:03 MDT 2023
    ** Copyright 1986-2022 Xilinx, Inc. All Rights Reserved.
    ** Copyright 2022-2023 Advanced Micro Devices, Inc. All Rights Reserved.

source point_multi_core.tcl -notrace
create_project: Time (s): cpu = 00:00:06 ; elapsed = 00:00:06 . Memory (MB): peak = 2071.070 ; gain = 122.992 ; free physical = 3818 ; free virtual = 19018
Command: read_checkpoint -auto_incremental -incremental /home/bowang1308/Documents/Ed25519_DBQ/Ed25519_DBQ.srcs/utils_1/imports/synth_1/point_multi_core.dcp
INFO: [Vivado 12-5825] Read reference checkpoint from /home/bowang1308/Documents/Ed25519_DBQ/Ed25519_DBQ.srcs/utils_1/imports/synth_1/point_multi_core.dcp for incremental synthesis
INFO: [Vivado 12-7989] Please ensure there are no constraint changes
Command: synth_design -top point_multi_core -part xc7a100tcsg324-2L
Starting synth_design
Attempting to get a license for feature 'Synthesis' and/or device 'xc7a100t'
INFO: [Common 17-349] Got license for feature 'Synthesis' and/or device 'xc7a100t'
INFO: [Vivado_Tcl 4-1810] synth_design options have changed between reference and incremental; A full resynthesis will be run
INFO: [Synth 8-7079] Multithreading enabled for synth_design using a maximum of 4 processes.
INFO: [Synth 8-7078] Launching helper process for spawning children vivado processes
INFO: [Synth 8-7075] Helper process launched with PID 14404
---------------------------------------------------------------------------------
Starting Synthesize : Time (s): cpu = 00:00:04 ; elapsed = 00:00:04 . Memory (MB): peak = 2486.527 ; gain = 382.738 ; free physical = 3162 ; free virtual = 18362
---------------------------------------------------------------------------------
INFO: [Synth 8-6157] synthesizing module 'point_multi_core' [/home/bowang1308/Documents/Ed25519_DBQ/Ed25519_DBQ.srcs/sources_1/new/point_multi_core.v:3]
INFO: [Synth 8-6157] synthesizing module 'Scalar_multi_SM' [/home/bowang1308/Documents/Ed25519_DBQ/Ed25519_DBQ.srcs/sources_1/new/Scalar_multi_SM.v:3]
INFO: [Synth 8-6155] done synthesizing module 'Scalar_multi_SM' (0#1) [/home/bowang1308/Documents/Ed25519_DBQ/Ed25519_DBQ.srcs/sources_1/new/Scalar_multi_SM.v:3]
INFO: [Synth 8-6157] synthesizing module 'ALU_UNIT' [/home/bowang1308/Documents/Ed25519_DBQ/Ed25519_DBQ.srcs/sources_1/new/ALU_UNIT.v:3]
	Parameter WID bound to: 256 - type: integer 
	Parameter DEPTH bound to: 32 - type: integer 
	Parameter REG_BANK bound to: 5 - type: integer 
INFO: [Synth 8-6157] synthesizing module 'ECPA_SM' [/home/bowang1308/Documents/Ed25519_DBQ/Ed25519_DBQ.srcs/sources_1/new/ECPA_SM.v:3]
	Parameter REG_BANK bound to: 5 - type: integer 
INFO: [Synth 8-155] case statement is not full and has no default [/home/bowang1308/Documents/Ed25519_DBQ/Ed25519_DBQ.srcs/sources_1/new/ECPA_SM.v:76]
INFO: [Synth 8-6155] done synthesizing module 'ECPA_SM' (0#1) [/home/bowang1308/Documents/Ed25519_DBQ/Ed25519_DBQ.srcs/sources_1/new/ECPA_SM.v:3]
INFO: [Synth 8-6157] synthesizing module 'ECPD_SM' [/home/bowang1308/Documents/Ed25519_DBQ/Ed25519_DBQ.srcs/sources_1/new/ECPD_SM.v:23]
	Parameter REG_BANK bound to: 5 - type: integer 
INFO: [Synth 8-155] case statement is not full and has no default [/home/bowang1308/Documents/Ed25519_DBQ/Ed25519_DBQ.srcs/sources_1/new/ECPD_SM.v:93]
INFO: [Synth 8-6155] done synthesizing module 'ECPD_SM' (0#1) [/home/bowang1308/Documents/Ed25519_DBQ/Ed25519_DBQ.srcs/sources_1/new/ECPD_SM.v:23]
INFO: [Synth 8-6157] synthesizing module 'alu' [/home/bowang1308/Documents/Ed25519_DBQ/Ed25519_DBQ.srcs/sources_1/new/alu.v:23]
	Parameter WID bound to: 256 - type: integer 
INFO: [Synth 8-6157] synthesizing module 'modular_adder' [/home/bowang1308/Documents/Ed25519_DBQ/Ed25519_DBQ.srcs/sources_1/new/modular_adder.v:11]
	Parameter WIDTH bound to: 256 - type: integer 
INFO: [Synth 8-6157] synthesizing module 'CSA' [/home/bowang1308/Documents/Ed25519_DBQ/Ed25519_DBQ.srcs/sources_1/new/CSA.v:23]
	Parameter WIDTH bound to: 256 - type: integer 
INFO: [Synth 8-6155] done synthesizing module 'CSA' (0#1) [/home/bowang1308/Documents/Ed25519_DBQ/Ed25519_DBQ.srcs/sources_1/new/CSA.v:23]
WARNING: [Synth 8-689] width (257) of port connection 'carry' does not match port width (256) of module 'CSA' [/home/bowang1308/Documents/Ed25519_DBQ/Ed25519_DBQ.srcs/sources_1/new/modular_adder.v:35]
INFO: [Synth 8-6157] synthesizing module 'CPA' [/home/bowang1308/Documents/Ed25519_DBQ/Ed25519_DBQ.srcs/sources_1/new/CPA.v:23]
	Parameter WIDTH bound to: 256 - type: integer 
INFO: [Synth 8-6155] done synthesizing module 'CPA' (0#1) [/home/bowang1308/Documents/Ed25519_DBQ/Ed25519_DBQ.srcs/sources_1/new/CPA.v:23]
WARNING: [Synth 8-689] width (257) of port connection 'carry_in' does not match port width (256) of module 'CPA' [/home/bowang1308/Documents/Ed25519_DBQ/Ed25519_DBQ.srcs/sources_1/new/modular_adder.v:44]
INFO: [Synth 8-6155] done synthesizing module 'modular_adder' (0#1) [/home/bowang1308/Documents/Ed25519_DBQ/Ed25519_DBQ.srcs/sources_1/new/modular_adder.v:11]
INFO: [Synth 8-6157] synthesizing module 'modular_sub' [/home/bowang1308/Documents/Ed25519_DBQ/Ed25519_DBQ.srcs/sources_1/new/modular_sub.v:23]
	Parameter WIDTH bound to: 256 - type: integer 
INFO: [Synth 8-6157] synthesizing module 'CPA_sub' [/home/bowang1308/Documents/Ed25519_DBQ/Ed25519_DBQ.srcs/sources_1/new/CPA_sub.v:23]
	Parameter WIDTH bound to: 256 - type: integer 
INFO: [Synth 8-6155] done synthesizing module 'CPA_sub' (0#1) [/home/bowang1308/Documents/Ed25519_DBQ/Ed25519_DBQ.srcs/sources_1/new/CPA_sub.v:23]
INFO: [Synth 8-6155] done synthesizing module 'modular_sub' (0#1) [/home/bowang1308/Documents/Ed25519_DBQ/Ed25519_DBQ.srcs/sources_1/new/modular_sub.v:23]
INFO: [Synth 8-6157] synthesizing module 'Interleaved_Modular_Multi' [/home/bowang1308/Documents/Ed25519_DBQ/Ed25519_DBQ.srcs/sources_1/new/Interleaved_Modular_Multi.v:23]
INFO: [Synth 8-6157] synthesizing module 'mod_p_ed25519_seq' [/home/bowang1308/Documents/Ed25519_DBQ/Ed25519_DBQ.srcs/sources_1/new/mod_p_seq.sv:1]
INFO: [Synth 8-226] default block is never used [/home/bowang1308/Documents/Ed25519_DBQ/Ed25519_DBQ.srcs/sources_1/new/mod_p_seq.sv:25]
INFO: [Synth 8-6155] done synthesizing module 'mod_p_ed25519_seq' (0#1) [/home/bowang1308/Documents/Ed25519_DBQ/Ed25519_DBQ.srcs/sources_1/new/mod_p_seq.sv:1]
INFO: [Synth 8-6157] synthesizing module 'ramY_2' [/home/bowang1308/Documents/Ed25519_DBQ/Ed25519_DBQ.srcs/sources_1/new/ramY_2.v:1]
INFO: [Synth 8-6155] done synthesizing module 'ramY_2' (0#1) [/home/bowang1308/Documents/Ed25519_DBQ/Ed25519_DBQ.srcs/sources_1/new/ramY_2.v:1]
INFO: [Synth 8-6157] synthesizing module 'ROM' [/home/bowang1308/Documents/Ed25519_DBQ/Ed25519_DBQ.srcs/sources_1/new/ROM.v:1]
INFO: [Synth 8-6155] done synthesizing module 'ROM' (0#1) [/home/bowang1308/Documents/Ed25519_DBQ/Ed25519_DBQ.srcs/sources_1/new/ROM.v:1]
INFO: [Synth 8-6157] synthesizing module 'Shift_mod' [/home/bowang1308/Documents/Ed25519_DBQ/Ed25519_DBQ.srcs/sources_1/new/Shift_mod.v:23]
	Parameter N bound to: 260 - type: integer 
INFO: [Synth 8-6155] done synthesizing module 'Shift_mod' (0#1) [/home/bowang1308/Documents/Ed25519_DBQ/Ed25519_DBQ.srcs/sources_1/new/Shift_mod.v:23]
INFO: [Synth 8-6157] synthesizing module 'CSA__parameterized0' [/home/bowang1308/Documents/Ed25519_DBQ/Ed25519_DBQ.srcs/sources_1/new/CSA.v:23]
	Parameter WIDTH bound to: 260 - type: integer 
INFO: [Synth 8-6155] done synthesizing module 'CSA__parameterized0' (0#1) [/home/bowang1308/Documents/Ed25519_DBQ/Ed25519_DBQ.srcs/sources_1/new/CSA.v:23]
INFO: [Synth 8-6157] synthesizing module 'REG' [/home/bowang1308/Documents/Ed25519_DBQ/Ed25519_DBQ.srcs/sources_1/new/REG.v:23]
	Parameter WIDTH bound to: 260 - type: integer 
INFO: [Synth 8-6155] done synthesizing module 'REG' (0#1) [/home/bowang1308/Documents/Ed25519_DBQ/Ed25519_DBQ.srcs/sources_1/new/REG.v:23]
INFO: [Synth 8-155] case statement is not full and has no default [/home/bowang1308/Documents/Ed25519_DBQ/Ed25519_DBQ.srcs/sources_1/new/Interleaved_Modular_Multi.v:203]
INFO: [Synth 8-6155] done synthesizing module 'Interleaved_Modular_Multi' (0#1) [/home/bowang1308/Documents/Ed25519_DBQ/Ed25519_DBQ.srcs/sources_1/new/Interleaved_Modular_Multi.v:23]
INFO: [Synth 8-155] case statement is not full and has no default [/home/bowang1308/Documents/Ed25519_DBQ/Ed25519_DBQ.srcs/sources_1/new/alu.v:89]
INFO: [Synth 8-155] case statement is not full and has no default [/home/bowang1308/Documents/Ed25519_DBQ/Ed25519_DBQ.srcs/sources_1/new/alu.v:83]
INFO: [Synth 8-6155] done synthesizing module 'alu' (0#1) [/home/bowang1308/Documents/Ed25519_DBQ/Ed25519_DBQ.srcs/sources_1/new/alu.v:23]
INFO: [Synth 8-6157] synthesizing module 'regbank' [/home/bowang1308/Documents/Ed25519_DBQ/Ed25519_DBQ.srcs/sources_1/new/regbank.v:6]
	Parameter WID bound to: 256 - type: integer 
	Parameter DEPTH bound to: 32 - type: integer 
	Parameter REG_BANK bound to: 5 - type: integer 
INFO: [Synth 8-6155] done synthesizing module 'regbank' (0#1) [/home/bowang1308/Documents/Ed25519_DBQ/Ed25519_DBQ.srcs/sources_1/new/regbank.v:6]
INFO: [Synth 8-6155] done synthesizing module 'ALU_UNIT' (0#1) [/home/bowang1308/Documents/Ed25519_DBQ/Ed25519_DBQ.srcs/sources_1/new/ALU_UNIT.v:3]
INFO: [Synth 8-6157] synthesizing module 'invert' [/home/bowang1308/Documents/Ed25519_DBQ/Ed25519_DBQ.srcs/sources_1/new/invert.v:3]
	Parameter WID bound to: 256 - type: integer 
INFO: [Synth 8-155] case statement is not full and has no default [/home/bowang1308/Documents/Ed25519_DBQ/Ed25519_DBQ.srcs/sources_1/new/invert.v:71]
INFO: [Synth 8-155] case statement is not full and has no default [/home/bowang1308/Documents/Ed25519_DBQ/Ed25519_DBQ.srcs/sources_1/new/invert.v:331]
INFO: [Synth 8-6155] done synthesizing module 'invert' (0#1) [/home/bowang1308/Documents/Ed25519_DBQ/Ed25519_DBQ.srcs/sources_1/new/invert.v:3]
INFO: [Synth 8-155] case statement is not full and has no default [/home/bowang1308/Documents/Ed25519_DBQ/Ed25519_DBQ.srcs/sources_1/new/point_multi_core.v:193]
INFO: [Synth 8-6155] done synthesizing module 'point_multi_core' (0#1) [/home/bowang1308/Documents/Ed25519_DBQ/Ed25519_DBQ.srcs/sources_1/new/point_multi_core.v:3]
WARNING: [Synth 8-7137] Register kbit_reg in module Scalar_multi_SM has both Set and reset with same priority. This may cause simulation mismatches. Consider rewriting code  [/home/bowang1308/Documents/Ed25519_DBQ/Ed25519_DBQ.srcs/sources_1/new/Scalar_multi_SM.v:134]
WARNING: [Synth 8-7137] Register result_x_reg in module Scalar_multi_SM has both Set and reset with same priority. This may cause simulation mismatches. Consider rewriting code  [/home/bowang1308/Documents/Ed25519_DBQ/Ed25519_DBQ.srcs/sources_1/new/Scalar_multi_SM.v:178]
WARNING: [Synth 8-7137] Register result_y_reg in module Scalar_multi_SM has both Set and reset with same priority. This may cause simulation mismatches. Consider rewriting code  [/home/bowang1308/Documents/Ed25519_DBQ/Ed25519_DBQ.srcs/sources_1/new/Scalar_multi_SM.v:179]
WARNING: [Synth 8-7137] Register result_z_reg in module Scalar_multi_SM has both Set and reset with same priority. This may cause simulation mismatches. Consider rewriting code  [/home/bowang1308/Documents/Ed25519_DBQ/Ed25519_DBQ.srcs/sources_1/new/Scalar_multi_SM.v:180]
WARNING: [Synth 8-7137] Register result_t_reg in module Scalar_multi_SM has both Set and reset with same priority. This may cause simulation mismatches. Consider rewriting code  [/home/bowang1308/Documents/Ed25519_DBQ/Ed25519_DBQ.srcs/sources_1/new/Scalar_multi_SM.v:181]
WARNING: [Synth 8-6014] Unused sequential element r_a2_250_1_reg was removed.  [/home/bowang1308/Documents/Ed25519_DBQ/Ed25519_DBQ.srcs/sources_1/new/invert.v:345]
WARNING: [Synth 8-7137] Register Z_qx_reg in module point_multi_core has both Set and reset with same priority. This may cause simulation mismatches. Consider rewriting code  [/home/bowang1308/Documents/Ed25519_DBQ/Ed25519_DBQ.srcs/sources_1/new/point_multi_core.v:151]
WARNING: [Synth 8-7137] Register Z_qy_reg in module point_multi_core has both Set and reset with same priority. This may cause simulation mismatches. Consider rewriting code  [/home/bowang1308/Documents/Ed25519_DBQ/Ed25519_DBQ.srcs/sources_1/new/point_multi_core.v:158]
WARNING: [Synth 8-7129] Port in[259] in module Shift_mod is either unconnected or has no load
WARNING: [Synth 8-7129] Port in[258] in module Shift_mod is either unconnected or has no load
WARNING: [Synth 8-7129] Port in[257] in module Shift_mod is either unconnected or has no load
WARNING: [Synth 8-7129] Port in[256] in module Shift_mod is either unconnected or has no load
WARNING: [Synth 8-7129] Port in[255] in module Shift_mod is either unconnected or has no load
---------------------------------------------------------------------------------
Finished Synthesize : Time (s): cpu = 00:00:05 ; elapsed = 00:00:06 . Memory (MB): peak = 2581.465 ; gain = 477.676 ; free physical = 3036 ; free virtual = 18237
---------------------------------------------------------------------------------
---------------------------------------------------------------------------------
Finished Constraint Validation : Time (s): cpu = 00:00:06 ; elapsed = 00:00:06 . Memory (MB): peak = 2596.309 ; gain = 492.520 ; free physical = 3036 ; free virtual = 18237
---------------------------------------------------------------------------------
---------------------------------------------------------------------------------
Start Loading Part and Timing Information
---------------------------------------------------------------------------------
Loading part: xc7a100tcsg324-2L
INFO: [Device 21-403] Loading part xc7a100tcsg324-2L
---------------------------------------------------------------------------------
Finished Loading Part and Timing Information : Time (s): cpu = 00:00:06 ; elapsed = 00:00:06 . Memory (MB): peak = 2604.312 ; gain = 500.523 ; free physical = 3036 ; free virtual = 18237
---------------------------------------------------------------------------------
---------------------------------------------------------------------------------
Start Preparing Guide Design
---------------------------------------------------------------------------------
---------------------------------------------------------------------------------
Finished Doing Graph Differ : Time (s): cpu = 00:00:06 ; elapsed = 00:00:07 . Memory (MB): peak = 2604.312 ; gain = 500.523 ; free physical = 3032 ; free virtual = 18235
---------------------------------------------------------------------------------
---------------------------------------------------------------------------------
Finished Preparing Guide Design : Time (s): cpu = 00:00:06 ; elapsed = 00:00:07 . Memory (MB): peak = 2604.312 ; gain = 500.523 ; free physical = 3032 ; free virtual = 18235
---------------------------------------------------------------------------------
INFO: [Synth 8-802] inferred FSM for state register 'state_reg' in module 'Scalar_multi_SM'
INFO: [Synth 8-802] inferred FSM for state register 'state_reg' in module 'ECPA_SM'
INFO: [Synth 8-802] inferred FSM for state register 'state_reg' in module 'ECPD_SM'
INFO: [Synth 8-802] inferred FSM for state register 'state_reg' in module 'mod_p_ed25519_seq'
INFO: [Synth 8-802] inferred FSM for state register 'state_reg' in module 'Interleaved_Modular_Multi'
INFO: [Synth 8-802] inferred FSM for state register 'state_reg' in module 'alu'
INFO: [Synth 8-802] inferred FSM for state register 'state_reg' in module 'point_multi_core'
---------------------------------------------------------------------------------------------------
                   State |                     New Encoding |                Previous Encoding 
---------------------------------------------------------------------------------------------------
                    IDLE |                       0000000001 |                             0000
                    LOAD |                       0000000010 |                             0001
                    INIT |                       0000000100 |                             0010
              LOOP_START |                       0000001000 |                             0011
                 SHIFT_K |                       0000010000 |                             0100
                    ECPD |                       0000100000 |                             0101
                 PREPARE |                       0001000000 |                             0110
                    ECPA |                       0010000000 |                             0111
                     DEC |                       0100000000 |                             1000
                    DONE |                       1000000000 |                             1001
---------------------------------------------------------------------------------------------------
INFO: [Synth 8-3354] encoded FSM with state register 'state_reg' using encoding 'one-hot' in module 'Scalar_multi_SM'
---------------------------------------------------------------------------------------------------
                   State |                     New Encoding |                Previous Encoding 
---------------------------------------------------------------------------------------------------
                    IDLE |                            00000 |                            00000
                 LOAD_X1 |                            00001 |                            10100
                 LOAD_Y1 |                            00010 |                            10101
                 LOAD_Z1 |                            00011 |                            10110
                 LOAD_T1 |                            00100 |                            10111
                 LV1_ADD |                            00101 |                            00001
                 LV1_SUB |                            00110 |                            00010
                 LV2_ADD |                            00111 |                            00011
                 LV2_SUB |                            01000 |                            00100
                 LV3_MUL |                            01001 |                            00101
                 LV4_MUL |                            01010 |                            00110
                 LV5_MUL |                            01011 |                            00111
                 LV5_ADD |                            01100 |                            01000
                 LV5_SUB |                            01101 |                            01001
                 LV6_MUL |                            01110 |                            01010
                 LV7_MUL |                            01111 |                            01011
                 LV8_MUL |                            10000 |                            01100
                 LV9_ADD |                            10001 |                            01101
                 LV9_SUB |                            10010 |                            01110
                  MUL_X3 |                            10011 |                            01111
                  MUL_Y3 |                            10100 |                            10000
                  MUL_Z3 |                            10101 |                            10001
                  MUL_T3 |                            10110 |                            10010
                    DONE |                            10111 |                            10011
                  iSTATE |                            11000 |                            11111
---------------------------------------------------------------------------------------------------
INFO: [Synth 8-3354] encoded FSM with state register 'state_reg' using encoding 'sequential' in module 'ECPA_SM'
---------------------------------------------------------------------------------------------------
                   State |                     New Encoding |                Previous Encoding 
---------------------------------------------------------------------------------------------------
                    IDLE |                            00000 |                            00000
                 LOAD_X1 |                            00001 |                            10000
                 LOAD_Y1 |                            00010 |                            10001
                 LOAD_Z1 |                            00011 |                            10010
                 LOAD_T1 |                            00100 |                            10011
                 LV1_ADD |                            00101 |                            00001
                 LV1_MUL |                            00110 |                            00010
                 LV2_MUL |                            00111 |                            00011
                 LV3_MUL |                            01000 |                            00100
                 LV3_ADD |                            01001 |                            00101
                 LV3_SUB |                            01010 |                            00110
                 LV4_MUL |                            01011 |                            00111
                 LV5_MUL |                            01100 |                            01000
                 LV5_ADD |                            01101 |                            01001
                  MUL_Y3 |                            01110 |                            01010
                 LV6_SUB |                            01111 |                            01011
                  MUL_X3 |                            10000 |                            01100
                  MUL_Z3 |                            10001 |                            01101
                  MUL_T3 |                            10010 |                            01110
                    DONE |                            10011 |                            01111
                  iSTATE |                            10100 |                            11111
---------------------------------------------------------------------------------------------------
INFO: [Synth 8-3354] encoded FSM with state register 'state_reg' using encoding 'sequential' in module 'ECPD_SM'
---------------------------------------------------------------------------------------------------
                   State |                     New Encoding |                Previous Encoding 
---------------------------------------------------------------------------------------------------
                    IDLE |                             0001 |                               00
                    LOAD |                             0010 |                               01
                 MUL_ACC |                             0100 |                               10
                  REDUCE |                             1000 |                               11
---------------------------------------------------------------------------------------------------
INFO: [Synth 8-3354] encoded FSM with state register 'state_reg' using encoding 'one-hot' in module 'mod_p_ed25519_seq'
---------------------------------------------------------------------------------------------------
                   State |                     New Encoding |                Previous Encoding 
---------------------------------------------------------------------------------------------------
                    IDLE |                            00010 |                              000
                INIT_RAM |                            10000 |                              001
              PROCESSING |                            01000 |                              010
                FINALIZE |                            00100 |                              011
                    DONE |                            00001 |                              100
---------------------------------------------------------------------------------------------------
INFO: [Synth 8-3354] encoded FSM with state register 'state_reg' using encoding 'one-hot' in module 'Interleaved_Modular_Multi'
---------------------------------------------------------------------------------------------------
                   State |                     New Encoding |                Previous Encoding 
---------------------------------------------------------------------------------------------------
                    IDLE |                               00 |                               00
                WAIT_MUL |                               01 |                               01
                    DONE |                               10 |                               10
                  iSTATE |                               11 |                               11
---------------------------------------------------------------------------------------------------
INFO: [Synth 8-3354] encoded FSM with state register 'state_reg' using encoding 'sequential' in module 'alu'
---------------------------------------------------------------------------------------------------
                   State |                     New Encoding |                Previous Encoding 
---------------------------------------------------------------------------------------------------
                    IDLE |                              000 |                              000
                  CALC_P |                              001 |                              001
                  CALC_Q |                              010 |                              010
                   INV_Z |                              011 |                              011
                 CALC_Qx |                              100 |                              100
                 CALC_Qy |                              101 |                              101
                    DONE |                              110 |                              110
---------------------------------------------------------------------------------------------------
INFO: [Synth 8-3354] encoded FSM with state register 'state_reg' using encoding 'sequential' in module 'point_multi_core'
---------------------------------------------------------------------------------
Finished RTL Optimization Phase 2 : Time (s): cpu = 00:00:11 ; elapsed = 00:00:09 . Memory (MB): peak = 2697.992 ; gain = 594.203 ; free physical = 2933 ; free virtual = 18135
---------------------------------------------------------------------------------


Incremental Synthesis Report Summary:

1. Incremental synthesis run: no

   Reason for not running incremental synthesis : synth_design options have changed between reference and incremental


INFO: [Synth 8-7130] Flow is switching to default flow due to incremental criteria not met. If you would like to alter this behaviour and have the flow terminate instead, please set the following parameter config_implementation {autoIncr.Synth.RejectBehavior Terminate}
No constraint files found.
---------------------------------------------------------------------------------
Start RTL Component Statistics 
---------------------------------------------------------------------------------
Detailed RTL Component Info : 
+---Adders : 
	   2 Input  262 Bit       Adders := 12    
	   2 Input  260 Bit       Adders := 3     
	   2 Input  257 Bit       Adders := 1     
	   3 Input  257 Bit       Adders := 2     
	   2 Input  256 Bit       Adders := 1     
	   2 Input  255 Bit       Adders := 12    
	   2 Input   32 Bit       Adders := 3     
	   2 Input    9 Bit       Adders := 1     
	   2 Input    8 Bit       Adders := 6     
	   2 Input    7 Bit       Adders := 1     
	   2 Input    4 Bit       Adders := 3     
	   2 Input    3 Bit       Adders := 3     
+---XORs : 
	   3 Input    260 Bit         XORs := 6     
	   3 Input    256 Bit         XORs := 3     
+---Registers : 
	              262 Bit    Registers := 12    
	              260 Bit    Registers := 6     
	              259 Bit    Registers := 3     
	              256 Bit    Registers := 70    
	              255 Bit    Registers := 12    
	                9 Bit    Registers := 1     
	                8 Bit    Registers := 6     
	                5 Bit    Registers := 8     
	                3 Bit    Registers := 2     
	                2 Bit    Registers := 2     
	                1 Bit    Registers := 41    
+---Multipliers : 
	              5x262  Multipliers := 6     
	              3x256  Multipliers := 3     
	               2x32  Multipliers := 3     
+---RAMs : 
	               2K Bit	(8 X 256 bit)          RAMs := 3     
+---Muxes : 
	   4 Input  262 Bit        Muxes := 6     
	   2 Input  260 Bit        Muxes := 18    
	   2 Input  256 Bit        Muxes := 18    
	   4 Input  256 Bit        Muxes := 2     
	  10 Input  256 Bit        Muxes := 8     
	   7 Input  256 Bit        Muxes := 2     
	   4 Input  255 Bit        Muxes := 6     
	   2 Input  255 Bit        Muxes := 6     
	  10 Input   10 Bit        Muxes := 1     
	   2 Input   10 Bit        Muxes := 2     
	  10 Input    9 Bit        Muxes := 1     
	   5 Input    8 Bit        Muxes := 6     
	   2 Input    7 Bit        Muxes := 3     
	  25 Input    5 Bit        Muxes := 3     
	  24 Input    5 Bit        Muxes := 1     
	   2 Input    5 Bit        Muxes := 5     
	  21 Input    5 Bit        Muxes := 3     
	  20 Input    5 Bit        Muxes := 1     
	   4 Input    4 Bit        Muxes := 6     
	   2 Input    4 Bit        Muxes := 12    
	   5 Input    3 Bit        Muxes := 3     
	  25 Input    3 Bit        Muxes := 1     
	  21 Input    3 Bit        Muxes := 1     
	   2 Input    3 Bit        Muxes := 1     
	   7 Input    3 Bit        Muxes := 1     
	   3 Input    2 Bit        Muxes := 1     
	   4 Input    2 Bit        Muxes := 1     
	   2 Input    2 Bit        Muxes := 2     
	  25 Input    2 Bit        Muxes := 1     
	  21 Input    2 Bit        Muxes := 1     
	   4 Input    1 Bit        Muxes := 27    
	   2 Input    1 Bit        Muxes := 66    
	   5 Input    1 Bit        Muxes := 15    
	  25 Input    1 Bit        Muxes := 4     
	  21 Input    1 Bit        Muxes := 4     
	  18 Input    1 Bit        Muxes := 4     
	  16 Input    1 Bit        Muxes := 12    
	  10 Input    1 Bit        Muxes := 8     
	   7 Input    1 Bit        Muxes := 11    
---------------------------------------------------------------------------------
Finished RTL Component Statistics 
---------------------------------------------------------------------------------
---------------------------------------------------------------------------------
Start Part Resource Summary
---------------------------------------------------------------------------------
Part Resources:
DSPs: 240 (col length:80)
BRAMs: 270 (col length: RAMB18 80 RAMB36 40)
---------------------------------------------------------------------------------
Finished Part Resource Summary
---------------------------------------------------------------------------------
---------------------------------------------------------------------------------
Start Cross Boundary and Area Optimization
---------------------------------------------------------------------------------
INFO: [Synth 8-3333] propagating constant 1 across sequential element (regfile/\reg_array_reg[25][0] )
INFO: [Synth 8-3333] propagating constant 1 across sequential element (regfile/\reg_array_reg[26][1] )
INFO: [Synth 8-3333] propagating constant 1 across sequential element (regfile/\reg_array_reg[25][3] )
INFO: [Synth 8-3333] propagating constant 1 across sequential element (regfile/\reg_array_reg[25][4] )
INFO: [Synth 8-3333] propagating constant 1 across sequential element (regfile/\reg_array_reg[25][6] )
INFO: [Synth 8-3333] propagating constant 1 across sequential element (regfile/\reg_array_reg[25][8] )
INFO: [Synth 8-3333] propagating constant 1 across sequential element (regfile/\reg_array_reg[25][12] )
INFO: [Synth 8-3333] propagating constant 1 across sequential element (regfile/\reg_array_reg[25][13] )
INFO: [Synth 8-3333] propagating constant 1 across sequential element (regfile/\reg_array_reg[25][14] )
INFO: [Synth 8-3333] propagating constant 1 across sequential element (regfile/\reg_array_reg[25][15] )
INFO: [Synth 8-3333] propagating constant 1 across sequential element (regfile/\reg_array_reg[25][17] )
INFO: [Synth 8-3333] propagating constant 1 across sequential element (regfile/\reg_array_reg[25][20] )
INFO: [Synth 8-3333] propagating constant 1 across sequential element (regfile/\reg_array_reg[25][21] )
INFO: [Synth 8-3333] propagating constant 1 across sequential element (regfile/\reg_array_reg[25][23] )
INFO: [Synth 8-3333] propagating constant 1 across sequential element (regfile/\reg_array_reg[25][25] )
INFO: [Synth 8-3333] propagating constant 1 across sequential element (regfile/\reg_array_reg[25][26] )
INFO: [Synth 8-3333] propagating constant 1 across sequential element (regfile/\reg_array_reg[25][29] )
INFO: [Synth 8-3333] propagating constant 1 across sequential element (regfile/\reg_array_reg[25][34] )
INFO: [Synth 8-3333] propagating constant 1 across sequential element (regfile/\reg_array_reg[25][36] )
INFO: [Synth 8-3333] propagating constant 1 across sequential element (regfile/\reg_array_reg[25][39] )
INFO: [Synth 8-3333] propagating constant 1 across sequential element (regfile/\reg_array_reg[25][40] )
INFO: [Synth 8-3333] propagating constant 1 across sequential element (regfile/\reg_array_reg[25][41] )
INFO: [Synth 8-3333] propagating constant 1 across sequential element (regfile/\reg_array_reg[25][43] )
INFO: [Synth 8-3333] propagating constant 1 across sequential element (regfile/\reg_array_reg[25][44] )
INFO: [Synth 8-3333] propagating constant 1 across sequential element (regfile/\reg_array_reg[25][47] )
INFO: [Synth 8-3333] propagating constant 1 across sequential element (regfile/\reg_array_reg[25][49] )
INFO: [Synth 8-3333] propagating constant 1 across sequential element (regfile/\reg_array_reg[25][50] )
INFO: [Synth 8-3333] propagating constant 1 across sequential element (regfile/\reg_array_reg[25][52] )
INFO: [Synth 8-3333] propagating constant 1 across sequential element (regfile/\reg_array_reg[25][54] )
INFO: [Synth 8-3333] propagating constant 1 across sequential element (regfile/\reg_array_reg[25][55] )
INFO: [Synth 8-3333] propagating constant 1 across sequential element (regfile/\reg_array_reg[25][56] )
INFO: [Synth 8-3333] propagating constant 1 across sequential element (regfile/\reg_array_reg[25][57] )
INFO: [Synth 8-3333] propagating constant 1 across sequential element (regfile/\reg_array_reg[25][59] )
INFO: [Synth 8-3333] propagating constant 1 across sequential element (regfile/\reg_array_reg[25][61] )
INFO: [Synth 8-3333] propagating constant 1 across sequential element (regfile/\reg_array_reg[25][62] )
INFO: [Synth 8-3333] propagating constant 1 across sequential element (regfile/\reg_array_reg[25][63] )
INFO: [Synth 8-3333] propagating constant 1 across sequential element (regfile/\reg_array_reg[25][65] )
INFO: [Synth 8-3333] propagating constant 1 across sequential element (regfile/\reg_array_reg[25][66] )
INFO: [Synth 8-3333] propagating constant 1 across sequential element (regfile/\reg_array_reg[25][68] )
INFO: [Synth 8-3333] propagating constant 1 across sequential element (regfile/\reg_array_reg[25][70] )
INFO: [Synth 8-3333] propagating constant 1 across sequential element (regfile/\reg_array_reg[25][72] )
INFO: [Synth 8-3333] propagating constant 1 across sequential element (regfile/\reg_array_reg[25][76] )
INFO: [Synth 8-3333] propagating constant 1 across sequential element (regfile/\reg_array_reg[25][77] )
INFO: [Synth 8-3333] propagating constant 1 across sequential element (regfile/\reg_array_reg[25][79] )
INFO: [Synth 8-3333] propagating constant 1 across sequential element (regfile/\reg_array_reg[25][80] )
INFO: [Synth 8-3333] propagating constant 1 across sequential element (regfile/\reg_array_reg[25][81] )
INFO: [Synth 8-3333] propagating constant 1 across sequential element (regfile/\reg_array_reg[25][87] )
INFO: [Synth 8-3333] propagating constant 1 across sequential element (regfile/\reg_array_reg[25][89] )
INFO: [Synth 8-3333] propagating constant 1 across sequential element (regfile/\reg_array_reg[25][95] )
INFO: [Synth 8-3333] propagating constant 1 across sequential element (regfile/\reg_array_reg[25][97] )
INFO: [Synth 8-3333] propagating constant 1 across sequential element (regfile/\reg_array_reg[25][99] )
INFO: [Synth 8-3333] propagating constant 1 across sequential element (regfile/\reg_array_reg[25][100] )
INFO: [Synth 8-3333] propagating constant 1 across sequential element (regfile/\reg_array_reg[25][103] )
INFO: [Synth 8-3333] propagating constant 1 across sequential element (regfile/\reg_array_reg[25][106] )
INFO: [Synth 8-3333] propagating constant 1 across sequential element (regfile/\reg_array_reg[25][108] )
INFO: [Synth 8-3333] propagating constant 1 across sequential element (regfile/\reg_array_reg[25][117] )
INFO: [Synth 8-3333] propagating constant 1 across sequential element (regfile/\reg_array_reg[25][118] )
INFO: [Synth 8-3333] propagating constant 1 across sequential element (regfile/\reg_array_reg[25][119] )
INFO: [Synth 8-3333] propagating constant 1 across sequential element (regfile/\reg_array_reg[25][132] )
INFO: [Synth 8-3333] propagating constant 1 across sequential element (regfile/\reg_array_reg[25][133] )
INFO: [Synth 8-3333] propagating constant 1 across sequential element (regfile/\reg_array_reg[25][136] )
INFO: [Synth 8-3333] propagating constant 1 across sequential element (regfile/\reg_array_reg[25][140] )
INFO: [Synth 8-3333] propagating constant 1 across sequential element (regfile/\reg_array_reg[25][142] )
INFO: [Synth 8-3333] propagating constant 1 across sequential element (regfile/\reg_array_reg[25][143] )
INFO: [Synth 8-3333] propagating constant 1 across sequential element (regfile/\reg_array_reg[25][144] )
INFO: [Synth 8-3333] propagating constant 1 across sequential element (regfile/\reg_array_reg[25][145] )
INFO: [Synth 8-3333] propagating constant 1 across sequential element (regfile/\reg_array_reg[25][148] )
INFO: [Synth 8-3333] propagating constant 1 across sequential element (regfile/\reg_array_reg[25][149] )
INFO: [Synth 8-3333] propagating constant 1 across sequential element (regfile/\reg_array_reg[25][150] )
INFO: [Synth 8-3333] propagating constant 1 across sequential element (regfile/\reg_array_reg[25][151] )
INFO: [Synth 8-3333] propagating constant 1 across sequential element (regfile/\reg_array_reg[25][153] )
INFO: [Synth 8-3333] propagating constant 1 across sequential element (regfile/\reg_array_reg[25][154] )
INFO: [Synth 8-3333] propagating constant 1 across sequential element (regfile/\reg_array_reg[25][155] )
INFO: [Synth 8-3333] propagating constant 1 across sequential element (regfile/\reg_array_reg[25][157] )
INFO: [Synth 8-3333] propagating constant 1 across sequential element (regfile/\reg_array_reg[25][158] )
INFO: [Synth 8-3333] propagating constant 1 across sequential element (regfile/\reg_array_reg[25][159] )
INFO: [Synth 8-3333] propagating constant 1 across sequential element (regfile/\reg_array_reg[25][161] )
INFO: [Synth 8-3333] propagating constant 1 across sequential element (regfile/\reg_array_reg[25][164] )
INFO: [Synth 8-3333] propagating constant 1 across sequential element (regfile/\reg_array_reg[25][165] )
INFO: [Synth 8-3333] propagating constant 1 across sequential element (regfile/\reg_array_reg[25][166] )
INFO: [Synth 8-3333] propagating constant 1 across sequential element (regfile/\reg_array_reg[25][167] )
INFO: [Synth 8-3333] propagating constant 1 across sequential element (regfile/\reg_array_reg[25][175] )
INFO: [Synth 8-3333] propagating constant 1 across sequential element (regfile/\reg_array_reg[25][177] )
INFO: [Synth 8-3333] propagating constant 1 across sequential element (regfile/\reg_array_reg[25][178] )
INFO: [Synth 8-3333] propagating constant 1 across sequential element (regfile/\reg_array_reg[25][179] )
INFO: [Synth 8-3333] propagating constant 1 across sequential element (regfile/\reg_array_reg[25][183] )
INFO: [Synth 8-3333] propagating constant 1 across sequential element (regfile/\reg_array_reg[25][184] )
INFO: [Synth 8-3333] propagating constant 1 across sequential element (regfile/\reg_array_reg[25][187] )
INFO: [Synth 8-3333] propagating constant 1 across sequential element (regfile/\reg_array_reg[25][188] )
INFO: [Synth 8-3333] propagating constant 1 across sequential element (regfile/\reg_array_reg[25][192] )
INFO: [Synth 8-3333] propagating constant 1 across sequential element (regfile/\reg_array_reg[25][193] )
INFO: [Synth 8-3333] propagating constant 1 across sequential element (regfile/\reg_array_reg[25][194] )
INFO: [Synth 8-3333] propagating constant 1 across sequential element (regfile/\reg_array_reg[25][197] )
INFO: [Synth 8-3333] propagating constant 1 across sequential element (regfile/\reg_array_reg[25][198] )
INFO: [Synth 8-3333] propagating constant 1 across sequential element (regfile/\reg_array_reg[25][199] )
INFO: [Synth 8-3333] propagating constant 1 across sequential element (regfile/\reg_array_reg[25][202] )
INFO: [Synth 8-3333] propagating constant 1 across sequential element (regfile/\reg_array_reg[25][203] )
INFO: [Synth 8-3333] propagating constant 1 across sequential element (regfile/\reg_array_reg[25][204] )
INFO: [Synth 8-3333] propagating constant 1 across sequential element (regfile/\reg_array_reg[25][205] )
INFO: [Synth 8-3333] propagating constant 1 across sequential element (regfile/\reg_array_reg[25][206] )
INFO: [Common 17-14] Message 'Synth 8-3333' appears 100 times and further instances of the messages will be disabled. Use the Tcl command set_msg_config to change the current settings.
INFO: [Common 17-14] Message 'Synth 8-3333' appears 100 times and further instances of the messages will be disabled. Use the Tcl command set_msg_config to change the current settings.
CRITICAL WARNING: [Synth 8-6859] multi-driven net on pin Q with 1st driver pin 'ecpa_sm/done_reg/Q' [/home/bowang1308/Documents/Ed25519_DBQ/Ed25519_DBQ.srcs/sources_1/new/ECPA_SM.v:55]
CRITICAL WARNING: [Synth 8-6859] multi-driven net on pin Q with 2nd driver pin 'GND' [/home/bowang1308/Documents/Ed25519_DBQ/Ed25519_DBQ.srcs/sources_1/new/ECPA_SM.v:55]
CRITICAL WARNING: [Synth 8-6858] multi-driven net Q is connected to at least one constant driver which has been preserved, other driver is ignored [/home/bowang1308/Documents/Ed25519_DBQ/Ed25519_DBQ.srcs/sources_1/new/ECPA_SM.v:55]
CRITICAL WARNING: [Synth 8-6859] multi-driven net on pin Q with 1st driver pin 'ecpa_sm/alu_op_reg[1]/Q' [/home/bowang1308/Documents/Ed25519_DBQ/Ed25519_DBQ.srcs/sources_1/new/ECPA_SM.v:53]
CRITICAL WARNING: [Synth 8-6859] multi-driven net on pin Q with 2nd driver pin 'GND' [/home/bowang1308/Documents/Ed25519_DBQ/Ed25519_DBQ.srcs/sources_1/new/ECPA_SM.v:53]
CRITICAL WARNING: [Synth 8-6858] multi-driven net Q is connected to at least one constant driver which has been preserved, other driver is ignored [/home/bowang1308/Documents/Ed25519_DBQ/Ed25519_DBQ.srcs/sources_1/new/ECPA_SM.v:53]
CRITICAL WARNING: [Synth 8-6859] multi-driven net on pin Q with 1st driver pin 'ecpa_sm/alu_op_reg[0]/Q' [/home/bowang1308/Documents/Ed25519_DBQ/Ed25519_DBQ.srcs/sources_1/new/ECPA_SM.v:53]
CRITICAL WARNING: [Synth 8-6859] multi-driven net on pin Q with 2nd driver pin 'GND' [/home/bowang1308/Documents/Ed25519_DBQ/Ed25519_DBQ.srcs/sources_1/new/ECPA_SM.v:53]
CRITICAL WARNING: [Synth 8-6858] multi-driven net Q is connected to at least one constant driver which has been preserved, other driver is ignored [/home/bowang1308/Documents/Ed25519_DBQ/Ed25519_DBQ.srcs/sources_1/new/ECPA_SM.v:53]
CRITICAL WARNING: [Synth 8-6859] multi-driven net on pin Q with 1st driver pin 'ecpa_sm/alu_start_reg/Q' [/home/bowang1308/Documents/Ed25519_DBQ/Ed25519_DBQ.srcs/sources_1/new/ECPA_SM.v:54]
CRITICAL WARNING: [Synth 8-6859] multi-driven net on pin Q with 2nd driver pin 'GND' [/home/bowang1308/Documents/Ed25519_DBQ/Ed25519_DBQ.srcs/sources_1/new/ECPA_SM.v:54]
CRITICAL WARNING: [Synth 8-6858] multi-driven net Q is connected to at least one constant driver which has been preserved, other driver is ignored [/home/bowang1308/Documents/Ed25519_DBQ/Ed25519_DBQ.srcs/sources_1/new/ECPA_SM.v:54]
CRITICAL WARNING: [Synth 8-6859] multi-driven net on pin Q with 1st driver pin 'ecpa_sm/src1_sel_reg[4]/Q' [/home/bowang1308/Documents/Ed25519_DBQ/Ed25519_DBQ.srcs/sources_1/new/ECPA_SM.v:56]
CRITICAL WARNING: [Synth 8-6859] multi-driven net on pin Q with 2nd driver pin 'GND' [/home/bowang1308/Documents/Ed25519_DBQ/Ed25519_DBQ.srcs/sources_1/new/ECPA_SM.v:56]
CRITICAL WARNING: [Synth 8-6858] multi-driven net Q is connected to at least one constant driver which has been preserved, other driver is ignored [/home/bowang1308/Documents/Ed25519_DBQ/Ed25519_DBQ.srcs/sources_1/new/ECPA_SM.v:56]
CRITICAL WARNING: [Synth 8-6859] multi-driven net on pin Q with 1st driver pin 'ecpa_sm/src1_sel_reg[3]/Q' [/home/bowang1308/Documents/Ed25519_DBQ/Ed25519_DBQ.srcs/sources_1/new/ECPA_SM.v:56]
CRITICAL WARNING: [Synth 8-6859] multi-driven net on pin Q with 2nd driver pin 'GND' [/home/bowang1308/Documents/Ed25519_DBQ/Ed25519_DBQ.srcs/sources_1/new/ECPA_SM.v:56]
CRITICAL WARNING: [Synth 8-6858] multi-driven net Q is connected to at least one constant driver which has been preserved, other driver is ignored [/home/bowang1308/Documents/Ed25519_DBQ/Ed25519_DBQ.srcs/sources_1/new/ECPA_SM.v:56]
CRITICAL WARNING: [Synth 8-6859] multi-driven net on pin Q with 1st driver pin 'ecpa_sm/src1_sel_reg[2]/Q' [/home/bowang1308/Documents/Ed25519_DBQ/Ed25519_DBQ.srcs/sources_1/new/ECPA_SM.v:56]
CRITICAL WARNING: [Synth 8-6859] multi-driven net on pin Q with 2nd driver pin 'GND' [/home/bowang1308/Documents/Ed25519_DBQ/Ed25519_DBQ.srcs/sources_1/new/ECPA_SM.v:56]
CRITICAL WARNING: [Synth 8-6858] multi-driven net Q is connected to at least one constant driver which has been preserved, other driver is ignored [/home/bowang1308/Documents/Ed25519_DBQ/Ed25519_DBQ.srcs/sources_1/new/ECPA_SM.v:56]
CRITICAL WARNING: [Synth 8-6859] multi-driven net on pin Q with 1st driver pin 'ecpa_sm/src1_sel_reg[1]/Q' [/home/bowang1308/Documents/Ed25519_DBQ/Ed25519_DBQ.srcs/sources_1/new/ECPA_SM.v:56]
CRITICAL WARNING: [Synth 8-6859] multi-driven net on pin Q with 2nd driver pin 'GND' [/home/bowang1308/Documents/Ed25519_DBQ/Ed25519_DBQ.srcs/sources_1/new/ECPA_SM.v:56]
CRITICAL WARNING: [Synth 8-6858] multi-driven net Q is connected to at least one constant driver which has been preserved, other driver is ignored [/home/bowang1308/Documents/Ed25519_DBQ/Ed25519_DBQ.srcs/sources_1/new/ECPA_SM.v:56]
CRITICAL WARNING: [Synth 8-6859] multi-driven net on pin Q with 1st driver pin 'ecpa_sm/src1_sel_reg[0]/Q' [/home/bowang1308/Documents/Ed25519_DBQ/Ed25519_DBQ.srcs/sources_1/new/ECPA_SM.v:56]
CRITICAL WARNING: [Synth 8-6859] multi-driven net on pin Q with 2nd driver pin 'GND' [/home/bowang1308/Documents/Ed25519_DBQ/Ed25519_DBQ.srcs/sources_1/new/ECPA_SM.v:56]
CRITICAL WARNING: [Synth 8-6858] multi-driven net Q is connected to at least one constant driver which has been preserved, other driver is ignored [/home/bowang1308/Documents/Ed25519_DBQ/Ed25519_DBQ.srcs/sources_1/new/ECPA_SM.v:56]
CRITICAL WARNING: [Synth 8-6859] multi-driven net on pin Q with 1st driver pin 'ecpa_sm/src2_sel_reg[4]/Q' [/home/bowang1308/Documents/Ed25519_DBQ/Ed25519_DBQ.srcs/sources_1/new/ECPA_SM.v:57]
CRITICAL WARNING: [Synth 8-6859] multi-driven net on pin Q with 2nd driver pin 'GND' [/home/bowang1308/Documents/Ed25519_DBQ/Ed25519_DBQ.srcs/sources_1/new/ECPA_SM.v:57]
CRITICAL WARNING: [Synth 8-6858] multi-driven net Q is connected to at least one constant driver which has been preserved, other driver is ignored [/home/bowang1308/Documents/Ed25519_DBQ/Ed25519_DBQ.srcs/sources_1/new/ECPA_SM.v:57]
CRITICAL WARNING: [Synth 8-6859] multi-driven net on pin Q with 1st driver pin 'ecpa_sm/src2_sel_reg[3]/Q' [/home/bowang1308/Documents/Ed25519_DBQ/Ed25519_DBQ.srcs/sources_1/new/ECPA_SM.v:57]
CRITICAL WARNING: [Synth 8-6859] multi-driven net on pin Q with 2nd driver pin 'GND' [/home/bowang1308/Documents/Ed25519_DBQ/Ed25519_DBQ.srcs/sources_1/new/ECPA_SM.v:57]
CRITICAL WARNING: [Synth 8-6858] multi-driven net Q is connected to at least one constant driver which has been preserved, other driver is ignored [/home/bowang1308/Documents/Ed25519_DBQ/Ed25519_DBQ.srcs/sources_1/new/ECPA_SM.v:57]
CRITICAL WARNING: [Synth 8-6859] multi-driven net on pin Q with 1st driver pin 'ecpa_sm/src2_sel_reg[2]/Q' [/home/bowang1308/Documents/Ed25519_DBQ/Ed25519_DBQ.srcs/sources_1/new/ECPA_SM.v:57]
CRITICAL WARNING: [Synth 8-6859] multi-driven net on pin Q with 2nd driver pin 'GND' [/home/bowang1308/Documents/Ed25519_DBQ/Ed25519_DBQ.srcs/sources_1/new/ECPA_SM.v:57]
CRITICAL WARNING: [Synth 8-6858] multi-driven net Q is connected to at least one constant driver which has been preserved, other driver is ignored [/home/bowang1308/Documents/Ed25519_DBQ/Ed25519_DBQ.srcs/sources_1/new/ECPA_SM.v:57]
CRITICAL WARNING: [Synth 8-6859] multi-driven net on pin Q with 1st driver pin 'ecpa_sm/src2_sel_reg[1]/Q' [/home/bowang1308/Documents/Ed25519_DBQ/Ed25519_DBQ.srcs/sources_1/new/ECPA_SM.v:57]
CRITICAL WARNING: [Synth 8-6859] multi-driven net on pin Q with 2nd driver pin 'GND' [/home/bowang1308/Documents/Ed25519_DBQ/Ed25519_DBQ.srcs/sources_1/new/ECPA_SM.v:57]
CRITICAL WARNING: [Synth 8-6858] multi-driven net Q is connected to at least one constant driver which has been preserved, other driver is ignored [/home/bowang1308/Documents/Ed25519_DBQ/Ed25519_DBQ.srcs/sources_1/new/ECPA_SM.v:57]
CRITICAL WARNING: [Synth 8-6859] multi-driven net on pin Q with 1st driver pin 'ecpa_sm/src2_sel_reg[0]/Q' [/home/bowang1308/Documents/Ed25519_DBQ/Ed25519_DBQ.srcs/sources_1/new/ECPA_SM.v:57]
CRITICAL WARNING: [Synth 8-6859] multi-driven net on pin Q with 2nd driver pin 'GND' [/home/bowang1308/Documents/Ed25519_DBQ/Ed25519_DBQ.srcs/sources_1/new/ECPA_SM.v:57]
CRITICAL WARNING: [Synth 8-6858] multi-driven net Q is connected to at least one constant driver which has been preserved, other driver is ignored [/home/bowang1308/Documents/Ed25519_DBQ/Ed25519_DBQ.srcs/sources_1/new/ECPA_SM.v:57]
CRITICAL WARNING: [Synth 8-6859] multi-driven net on pin Q with 1st driver pin 'ecpa_sm/we_reg/Q' [/home/bowang1308/Documents/Ed25519_DBQ/Ed25519_DBQ.srcs/sources_1/new/ECPA_SM.v:58]
CRITICAL WARNING: [Synth 8-6859] multi-driven net on pin Q with 2nd driver pin 'GND' [/home/bowang1308/Documents/Ed25519_DBQ/Ed25519_DBQ.srcs/sources_1/new/ECPA_SM.v:58]
CRITICAL WARNING: [Synth 8-6858] multi-driven net Q is connected to at least one constant driver which has been preserved, other driver is ignored [/home/bowang1308/Documents/Ed25519_DBQ/Ed25519_DBQ.srcs/sources_1/new/ECPA_SM.v:58]
CRITICAL WARNING: [Synth 8-6859] multi-driven net on pin Q with 1st driver pin 'ecpa_sm/din_sel_reg[2]/Q' [/home/bowang1308/Documents/Ed25519_DBQ/Ed25519_DBQ.srcs/sources_1/new/ECPA_SM.v:59]
CRITICAL WARNING: [Synth 8-6859] multi-driven net on pin Q with 2nd driver pin 'GND' [/home/bowang1308/Documents/Ed25519_DBQ/Ed25519_DBQ.srcs/sources_1/new/ECPA_SM.v:59]
CRITICAL WARNING: [Synth 8-6858] multi-driven net Q is connected to at least one constant driver which has been preserved, other driver is ignored [/home/bowang1308/Documents/Ed25519_DBQ/Ed25519_DBQ.srcs/sources_1/new/ECPA_SM.v:59]
CRITICAL WARNING: [Synth 8-6859] multi-driven net on pin Q with 1st driver pin 'ecpa_sm/din_sel_reg[1]/Q' [/home/bowang1308/Documents/Ed25519_DBQ/Ed25519_DBQ.srcs/sources_1/new/ECPA_SM.v:59]
CRITICAL WARNING: [Synth 8-6859] multi-driven net on pin Q with 2nd driver pin 'GND' [/home/bowang1308/Documents/Ed25519_DBQ/Ed25519_DBQ.srcs/sources_1/new/ECPA_SM.v:59]
CRITICAL WARNING: [Synth 8-6858] multi-driven net Q is connected to at least one constant driver which has been preserved, other driver is ignored [/home/bowang1308/Documents/Ed25519_DBQ/Ed25519_DBQ.srcs/sources_1/new/ECPA_SM.v:59]
CRITICAL WARNING: [Synth 8-6859] multi-driven net on pin Q with 1st driver pin 'ecpa_sm/din_sel_reg[0]/Q' [/home/bowang1308/Documents/Ed25519_DBQ/Ed25519_DBQ.srcs/sources_1/new/ECPA_SM.v:59]
CRITICAL WARNING: [Synth 8-6859] multi-driven net on pin Q with 2nd driver pin 'GND' [/home/bowang1308/Documents/Ed25519_DBQ/Ed25519_DBQ.srcs/sources_1/new/ECPA_SM.v:59]
CRITICAL WARNING: [Synth 8-6858] multi-driven net Q is connected to at least one constant driver which has been preserved, other driver is ignored [/home/bowang1308/Documents/Ed25519_DBQ/Ed25519_DBQ.srcs/sources_1/new/ECPA_SM.v:59]
CRITICAL WARNING: [Synth 8-6859] multi-driven net on pin Q with 1st driver pin 'ecpa_sm/dst_sel_reg[4]/Q' [/home/bowang1308/Documents/Ed25519_DBQ/Ed25519_DBQ.srcs/sources_1/new/ECPA_SM.v:60]
CRITICAL WARNING: [Synth 8-6859] multi-driven net on pin Q with 2nd driver pin 'GND' [/home/bowang1308/Documents/Ed25519_DBQ/Ed25519_DBQ.srcs/sources_1/new/ECPA_SM.v:60]
CRITICAL WARNING: [Synth 8-6858] multi-driven net Q is connected to at least one constant driver which has been preserved, other driver is ignored [/home/bowang1308/Documents/Ed25519_DBQ/Ed25519_DBQ.srcs/sources_1/new/ECPA_SM.v:60]
CRITICAL WARNING: [Synth 8-6859] multi-driven net on pin Q with 1st driver pin 'ecpa_sm/dst_sel_reg[3]/Q' [/home/bowang1308/Documents/Ed25519_DBQ/Ed25519_DBQ.srcs/sources_1/new/ECPA_SM.v:60]
CRITICAL WARNING: [Synth 8-6859] multi-driven net on pin Q with 2nd driver pin 'GND' [/home/bowang1308/Documents/Ed25519_DBQ/Ed25519_DBQ.srcs/sources_1/new/ECPA_SM.v:60]
CRITICAL WARNING: [Synth 8-6858] multi-driven net Q is connected to at least one constant driver which has been preserved, other driver is ignored [/home/bowang1308/Documents/Ed25519_DBQ/Ed25519_DBQ.srcs/sources_1/new/ECPA_SM.v:60]
CRITICAL WARNING: [Synth 8-6859] multi-driven net on pin Q with 1st driver pin 'ecpa_sm/dst_sel_reg[2]/Q' [/home/bowang1308/Documents/Ed25519_DBQ/Ed25519_DBQ.srcs/sources_1/new/ECPA_SM.v:60]
CRITICAL WARNING: [Synth 8-6859] multi-driven net on pin Q with 2nd driver pin 'GND' [/home/bowang1308/Documents/Ed25519_DBQ/Ed25519_DBQ.srcs/sources_1/new/ECPA_SM.v:60]
CRITICAL WARNING: [Synth 8-6858] multi-driven net Q is connected to at least one constant driver which has been preserved, other driver is ignored [/home/bowang1308/Documents/Ed25519_DBQ/Ed25519_DBQ.srcs/sources_1/new/ECPA_SM.v:60]
CRITICAL WARNING: [Synth 8-6859] multi-driven net on pin Q with 1st driver pin 'ecpa_sm/dst_sel_reg[1]/Q' [/home/bowang1308/Documents/Ed25519_DBQ/Ed25519_DBQ.srcs/sources_1/new/ECPA_SM.v:60]
CRITICAL WARNING: [Synth 8-6859] multi-driven net on pin Q with 2nd driver pin 'GND' [/home/bowang1308/Documents/Ed25519_DBQ/Ed25519_DBQ.srcs/sources_1/new/ECPA_SM.v:60]
CRITICAL WARNING: [Synth 8-6858] multi-driven net Q is connected to at least one constant driver which has been preserved, other driver is ignored [/home/bowang1308/Documents/Ed25519_DBQ/Ed25519_DBQ.srcs/sources_1/new/ECPA_SM.v:60]
CRITICAL WARNING: [Synth 8-6859] multi-driven net on pin Q with 1st driver pin 'ecpa_sm/dst_sel_reg[0]/Q' [/home/bowang1308/Documents/Ed25519_DBQ/Ed25519_DBQ.srcs/sources_1/new/ECPA_SM.v:60]
CRITICAL WARNING: [Synth 8-6859] multi-driven net on pin Q with 2nd driver pin 'GND' [/home/bowang1308/Documents/Ed25519_DBQ/Ed25519_DBQ.srcs/sources_1/new/ECPA_SM.v:60]
CRITICAL WARNING: [Synth 8-6858] multi-driven net Q is connected to at least one constant driver which has been preserved, other driver is ignored [/home/bowang1308/Documents/Ed25519_DBQ/Ed25519_DBQ.srcs/sources_1/new/ECPA_SM.v:60]
CRITICAL WARNING: [Synth 8-6859] multi-driven net on pin Q with 1st driver pin 'ecpd_sm/done_reg/Q' [/home/bowang1308/Documents/Ed25519_DBQ/Ed25519_DBQ.srcs/sources_1/new/ECPD_SM.v:72]
CRITICAL WARNING: [Synth 8-6859] multi-driven net on pin Q with 2nd driver pin 'GND' [/home/bowang1308/Documents/Ed25519_DBQ/Ed25519_DBQ.srcs/sources_1/new/ECPD_SM.v:72]
CRITICAL WARNING: [Synth 8-6858] multi-driven net Q is connected to at least one constant driver which has been preserved, other driver is ignored [/home/bowang1308/Documents/Ed25519_DBQ/Ed25519_DBQ.srcs/sources_1/new/ECPD_SM.v:72]
CRITICAL WARNING: [Synth 8-6859] multi-driven net on pin Q with 1st driver pin 'ecpd_sm/alu_op_reg[1]/Q' [/home/bowang1308/Documents/Ed25519_DBQ/Ed25519_DBQ.srcs/sources_1/new/ECPD_SM.v:70]
CRITICAL WARNING: [Synth 8-6859] multi-driven net on pin Q with 2nd driver pin 'GND' [/home/bowang1308/Documents/Ed25519_DBQ/Ed25519_DBQ.srcs/sources_1/new/ECPD_SM.v:70]
CRITICAL WARNING: [Synth 8-6858] multi-driven net Q is connected to at least one constant driver which has been preserved, other driver is ignored [/home/bowang1308/Documents/Ed25519_DBQ/Ed25519_DBQ.srcs/sources_1/new/ECPD_SM.v:70]
CRITICAL WARNING: [Synth 8-6859] multi-driven net on pin Q with 1st driver pin 'ecpd_sm/alu_op_reg[0]/Q' [/home/bowang1308/Documents/Ed25519_DBQ/Ed25519_DBQ.srcs/sources_1/new/ECPD_SM.v:70]
CRITICAL WARNING: [Synth 8-6859] multi-driven net on pin Q with 2nd driver pin 'GND' [/home/bowang1308/Documents/Ed25519_DBQ/Ed25519_DBQ.srcs/sources_1/new/ECPD_SM.v:70]
CRITICAL WARNING: [Synth 8-6858] multi-driven net Q is connected to at least one constant driver which has been preserved, other driver is ignored [/home/bowang1308/Documents/Ed25519_DBQ/Ed25519_DBQ.srcs/sources_1/new/ECPD_SM.v:70]
CRITICAL WARNING: [Synth 8-6859] multi-driven net on pin Q with 1st driver pin 'ecpd_sm/alu_start_reg/Q' [/home/bowang1308/Documents/Ed25519_DBQ/Ed25519_DBQ.srcs/sources_1/new/ECPD_SM.v:71]
CRITICAL WARNING: [Synth 8-6859] multi-driven net on pin Q with 2nd driver pin 'GND' [/home/bowang1308/Documents/Ed25519_DBQ/Ed25519_DBQ.srcs/sources_1/new/ECPD_SM.v:71]
CRITICAL WARNING: [Synth 8-6858] multi-driven net Q is connected to at least one constant driver which has been preserved, other driver is ignored [/home/bowang1308/Documents/Ed25519_DBQ/Ed25519_DBQ.srcs/sources_1/new/ECPD_SM.v:71]
CRITICAL WARNING: [Synth 8-6859] multi-driven net on pin Q with 1st driver pin 'ecpd_sm/src1_sel_reg[4]/Q' [/home/bowang1308/Documents/Ed25519_DBQ/Ed25519_DBQ.srcs/sources_1/new/ECPD_SM.v:73]
CRITICAL WARNING: [Synth 8-6859] multi-driven net on pin Q with 2nd driver pin 'GND' [/home/bowang1308/Documents/Ed25519_DBQ/Ed25519_DBQ.srcs/sources_1/new/ECPD_SM.v:73]
CRITICAL WARNING: [Synth 8-6858] multi-driven net Q is connected to at least one constant driver which has been preserved, other driver is ignored [/home/bowang1308/Documents/Ed25519_DBQ/Ed25519_DBQ.srcs/sources_1/new/ECPD_SM.v:73]
CRITICAL WARNING: [Synth 8-6859] multi-driven net on pin Q with 1st driver pin 'ecpd_sm/src1_sel_reg[3]/Q' [/home/bowang1308/Documents/Ed25519_DBQ/Ed25519_DBQ.srcs/sources_1/new/ECPD_SM.v:73]
CRITICAL WARNING: [Synth 8-6859] multi-driven net on pin Q with 2nd driver pin 'GND' [/home/bowang1308/Documents/Ed25519_DBQ/Ed25519_DBQ.srcs/sources_1/new/ECPD_SM.v:73]
CRITICAL WARNING: [Synth 8-6858] multi-driven net Q is connected to at least one constant driver which has been preserved, other driver is ignored [/home/bowang1308/Documents/Ed25519_DBQ/Ed25519_DBQ.srcs/sources_1/new/ECPD_SM.v:73]
CRITICAL WARNING: [Synth 8-6859] multi-driven net on pin Q with 1st driver pin 'ecpd_sm/src1_sel_reg[2]/Q' [/home/bowang1308/Documents/Ed25519_DBQ/Ed25519_DBQ.srcs/sources_1/new/ECPD_SM.v:73]
CRITICAL WARNING: [Synth 8-6859] multi-driven net on pin Q with 2nd driver pin 'GND' [/home/bowang1308/Documents/Ed25519_DBQ/Ed25519_DBQ.srcs/sources_1/new/ECPD_SM.v:73]
CRITICAL WARNING: [Synth 8-6858] multi-driven net Q is connected to at least one constant driver which has been preserved, other driver is ignored [/home/bowang1308/Documents/Ed25519_DBQ/Ed25519_DBQ.srcs/sources_1/new/ECPD_SM.v:73]
CRITICAL WARNING: [Synth 8-6859] multi-driven net on pin Q with 1st driver pin 'ecpd_sm/src1_sel_reg[1]/Q' [/home/bowang1308/Documents/Ed25519_DBQ/Ed25519_DBQ.srcs/sources_1/new/ECPD_SM.v:73]
CRITICAL WARNING: [Synth 8-6859] multi-driven net on pin Q with 2nd driver pin 'GND' [/home/bowang1308/Documents/Ed25519_DBQ/Ed25519_DBQ.srcs/sources_1/new/ECPD_SM.v:73]
CRITICAL WARNING: [Synth 8-6858] multi-driven net Q is connected to at least one constant driver which has been preserved, other driver is ignored [/home/bowang1308/Documents/Ed25519_DBQ/Ed25519_DBQ.srcs/sources_1/new/ECPD_SM.v:73]
CRITICAL WARNING: [Synth 8-6859] multi-driven net on pin Q with 1st driver pin 'ecpd_sm/src1_sel_reg[0]/Q' [/home/bowang1308/Documents/Ed25519_DBQ/Ed25519_DBQ.srcs/sources_1/new/ECPD_SM.v:73]
CRITICAL WARNING: [Synth 8-6859] multi-driven net on pin Q with 2nd driver pin 'GND' [/home/bowang1308/Documents/Ed25519_DBQ/Ed25519_DBQ.srcs/sources_1/new/ECPD_SM.v:73]
CRITICAL WARNING: [Synth 8-6858] multi-driven net Q is connected to at least one constant driver which has been preserved, other driver is ignored [/home/bowang1308/Documents/Ed25519_DBQ/Ed25519_DBQ.srcs/sources_1/new/ECPD_SM.v:73]
CRITICAL WARNING: [Synth 8-6859] multi-driven net on pin Q with 1st driver pin 'ecpd_sm/src2_sel_reg[4]/Q' [/home/bowang1308/Documents/Ed25519_DBQ/Ed25519_DBQ.srcs/sources_1/new/ECPD_SM.v:74]
CRITICAL WARNING: [Synth 8-6859] multi-driven net on pin Q with 2nd driver pin 'GND' [/home/bowang1308/Documents/Ed25519_DBQ/Ed25519_DBQ.srcs/sources_1/new/ECPD_SM.v:74]
CRITICAL WARNING: [Synth 8-6858] multi-driven net Q is connected to at least one constant driver which has been preserved, other driver is ignored [/home/bowang1308/Documents/Ed25519_DBQ/Ed25519_DBQ.srcs/sources_1/new/ECPD_SM.v:74]
CRITICAL WARNING: [Synth 8-6859] multi-driven net on pin Q with 1st driver pin 'ecpd_sm/src2_sel_reg[3]/Q' [/home/bowang1308/Documents/Ed25519_DBQ/Ed25519_DBQ.srcs/sources_1/new/ECPD_SM.v:74]
CRITICAL WARNING: [Synth 8-6859] multi-driven net on pin Q with 2nd driver pin 'GND' [/home/bowang1308/Documents/Ed25519_DBQ/Ed25519_DBQ.srcs/sources_1/new/ECPD_SM.v:74]
CRITICAL WARNING: [Synth 8-6858] multi-driven net Q is connected to at least one constant driver which has been preserved, other driver is ignored [/home/bowang1308/Documents/Ed25519_DBQ/Ed25519_DBQ.srcs/sources_1/new/ECPD_SM.v:74]
CRITICAL WARNING: [Synth 8-6859] multi-driven net on pin Q with 1st driver pin 'ecpd_sm/src2_sel_reg[2]/Q' [/home/bowang1308/Documents/Ed25519_DBQ/Ed25519_DBQ.srcs/sources_1/new/ECPD_SM.v:74]
CRITICAL WARNING: [Synth 8-6859] multi-driven net on pin Q with 2nd driver pin 'GND' [/home/bowang1308/Documents/Ed25519_DBQ/Ed25519_DBQ.srcs/sources_1/new/ECPD_SM.v:74]
CRITICAL WARNING: [Synth 8-6858] multi-driven net Q is connected to at least one constant driver which has been preserved, other driver is ignored [/home/bowang1308/Documents/Ed25519_DBQ/Ed25519_DBQ.srcs/sources_1/new/ECPD_SM.v:74]
CRITICAL WARNING: [Synth 8-6859] multi-driven net on pin Q with 1st driver pin 'ecpd_sm/src2_sel_reg[1]/Q' [/home/bowang1308/Documents/Ed25519_DBQ/Ed25519_DBQ.srcs/sources_1/new/ECPD_SM.v:74]
CRITICAL WARNING: [Synth 8-6859] multi-driven net on pin Q with 2nd driver pin 'GND' [/home/bowang1308/Documents/Ed25519_DBQ/Ed25519_DBQ.srcs/sources_1/new/ECPD_SM.v:74]
CRITICAL WARNING: [Synth 8-6858] multi-driven net Q is connected to at least one constant driver which has been preserved, other driver is ignored [/home/bowang1308/Documents/Ed25519_DBQ/Ed25519_DBQ.srcs/sources_1/new/ECPD_SM.v:74]
CRITICAL WARNING: [Synth 8-6859] multi-driven net on pin Q with 1st driver pin 'ecpd_sm/src2_sel_reg[0]/Q' [/home/bowang1308/Documents/Ed25519_DBQ/Ed25519_DBQ.srcs/sources_1/new/ECPD_SM.v:74]
CRITICAL WARNING: [Synth 8-6859] multi-driven net on pin Q with 2nd driver pin 'GND' [/home/bowang1308/Documents/Ed25519_DBQ/Ed25519_DBQ.srcs/sources_1/new/ECPD_SM.v:74]
CRITICAL WARNING: [Synth 8-6858] multi-driven net Q is connected to at least one constant driver which has been preserved, other driver is ignored [/home/bowang1308/Documents/Ed25519_DBQ/Ed25519_DBQ.srcs/sources_1/new/ECPD_SM.v:74]
CRITICAL WARNING: [Synth 8-6859] multi-driven net on pin Q with 1st driver pin 'ecpd_sm/we_reg/Q' [/home/bowang1308/Documents/Ed25519_DBQ/Ed25519_DBQ.srcs/sources_1/new/ECPD_SM.v:75]
CRITICAL WARNING: [Synth 8-6859] multi-driven net on pin Q with 2nd driver pin 'GND' [/home/bowang1308/Documents/Ed25519_DBQ/Ed25519_DBQ.srcs/sources_1/new/ECPD_SM.v:75]
CRITICAL WARNING: [Synth 8-6858] multi-driven net Q is connected to at least one constant driver which has been preserved, other driver is ignored [/home/bowang1308/Documents/Ed25519_DBQ/Ed25519_DBQ.srcs/sources_1/new/ECPD_SM.v:75]
CRITICAL WARNING: [Synth 8-6859] multi-driven net on pin Q with 1st driver pin 'ecpd_sm/din_sel_reg[2]/Q' [/home/bowang1308/Documents/Ed25519_DBQ/Ed25519_DBQ.srcs/sources_1/new/ECPD_SM.v:76]
CRITICAL WARNING: [Synth 8-6859] multi-driven net on pin Q with 2nd driver pin 'GND' [/home/bowang1308/Documents/Ed25519_DBQ/Ed25519_DBQ.srcs/sources_1/new/ECPD_SM.v:76]
CRITICAL WARNING: [Synth 8-6858] multi-driven net Q is connected to at least one constant driver which has been preserved, other driver is ignored [/home/bowang1308/Documents/Ed25519_DBQ/Ed25519_DBQ.srcs/sources_1/new/ECPD_SM.v:76]
CRITICAL WARNING: [Synth 8-6859] multi-driven net on pin Q with 1st driver pin 'ecpd_sm/din_sel_reg[1]/Q' [/home/bowang1308/Documents/Ed25519_DBQ/Ed25519_DBQ.srcs/sources_1/new/ECPD_SM.v:76]
CRITICAL WARNING: [Synth 8-6859] multi-driven net on pin Q with 2nd driver pin 'GND' [/home/bowang1308/Documents/Ed25519_DBQ/Ed25519_DBQ.srcs/sources_1/new/ECPD_SM.v:76]
CRITICAL WARNING: [Synth 8-6858] multi-driven net Q is connected to at least one constant driver which has been preserved, other driver is ignored [/home/bowang1308/Documents/Ed25519_DBQ/Ed25519_DBQ.srcs/sources_1/new/ECPD_SM.v:76]
CRITICAL WARNING: [Synth 8-6859] multi-driven net on pin Q with 1st driver pin 'ecpd_sm/din_sel_reg[0]/Q' [/home/bowang1308/Documents/Ed25519_DBQ/Ed25519_DBQ.srcs/sources_1/new/ECPD_SM.v:76]
CRITICAL WARNING: [Synth 8-6859] multi-driven net on pin Q with 2nd driver pin 'GND' [/home/bowang1308/Documents/Ed25519_DBQ/Ed25519_DBQ.srcs/sources_1/new/ECPD_SM.v:76]
CRITICAL WARNING: [Synth 8-6858] multi-driven net Q is connected to at least one constant driver which has been preserved, other driver is ignored [/home/bowang1308/Documents/Ed25519_DBQ/Ed25519_DBQ.srcs/sources_1/new/ECPD_SM.v:76]
CRITICAL WARNING: [Synth 8-6859] multi-driven net on pin Q with 1st driver pin 'ecpd_sm/dst_sel_reg[4]/Q' [/home/bowang1308/Documents/Ed25519_DBQ/Ed25519_DBQ.srcs/sources_1/new/ECPD_SM.v:77]
CRITICAL WARNING: [Synth 8-6859] multi-driven net on pin Q with 2nd driver pin 'GND' [/home/bowang1308/Documents/Ed25519_DBQ/Ed25519_DBQ.srcs/sources_1/new/ECPD_SM.v:77]
CRITICAL WARNING: [Synth 8-6858] multi-driven net Q is connected to at least one constant driver which has been preserved, other driver is ignored [/home/bowang1308/Documents/Ed25519_DBQ/Ed25519_DBQ.srcs/sources_1/new/ECPD_SM.v:77]
CRITICAL WARNING: [Synth 8-6859] multi-driven net on pin Q with 1st driver pin 'ecpd_sm/dst_sel_reg[3]/Q' [/home/bowang1308/Documents/Ed25519_DBQ/Ed25519_DBQ.srcs/sources_1/new/ECPD_SM.v:77]
CRITICAL WARNING: [Synth 8-6859] multi-driven net on pin Q with 2nd driver pin 'GND' [/home/bowang1308/Documents/Ed25519_DBQ/Ed25519_DBQ.srcs/sources_1/new/ECPD_SM.v:77]
CRITICAL WARNING: [Synth 8-6858] multi-driven net Q is connected to at least one constant driver which has been preserved, other driver is ignored [/home/bowang1308/Documents/Ed25519_DBQ/Ed25519_DBQ.srcs/sources_1/new/ECPD_SM.v:77]
CRITICAL WARNING: [Synth 8-6859] multi-driven net on pin Q with 1st driver pin 'ecpd_sm/dst_sel_reg[2]/Q' [/home/bowang1308/Documents/Ed25519_DBQ/Ed25519_DBQ.srcs/sources_1/new/ECPD_SM.v:77]
CRITICAL WARNING: [Synth 8-6859] multi-driven net on pin Q with 2nd driver pin 'GND' [/home/bowang1308/Documents/Ed25519_DBQ/Ed25519_DBQ.srcs/sources_1/new/ECPD_SM.v:77]
CRITICAL WARNING: [Synth 8-6858] multi-driven net Q is connected to at least one constant driver which has been preserved, other driver is ignored [/home/bowang1308/Documents/Ed25519_DBQ/Ed25519_DBQ.srcs/sources_1/new/ECPD_SM.v:77]
CRITICAL WARNING: [Synth 8-6859] multi-driven net on pin Q with 1st driver pin 'ecpd_sm/dst_sel_reg[1]/Q' [/home/bowang1308/Documents/Ed25519_DBQ/Ed25519_DBQ.srcs/sources_1/new/ECPD_SM.v:77]
CRITICAL WARNING: [Synth 8-6859] multi-driven net on pin Q with 2nd driver pin 'GND' [/home/bowang1308/Documents/Ed25519_DBQ/Ed25519_DBQ.srcs/sources_1/new/ECPD_SM.v:77]
CRITICAL WARNING: [Synth 8-6858] multi-driven net Q is connected to at least one constant driver which has been preserved, other driver is ignored [/home/bowang1308/Documents/Ed25519_DBQ/Ed25519_DBQ.srcs/sources_1/new/ECPD_SM.v:77]
CRITICAL WARNING: [Synth 8-6859] multi-driven net on pin Q with 1st driver pin 'ecpd_sm/dst_sel_reg[0]/Q' [/home/bowang1308/Documents/Ed25519_DBQ/Ed25519_DBQ.srcs/sources_1/new/ECPD_SM.v:77]
CRITICAL WARNING: [Synth 8-6859] multi-driven net on pin Q with 2nd driver pin 'GND' [/home/bowang1308/Documents/Ed25519_DBQ/Ed25519_DBQ.srcs/sources_1/new/ECPD_SM.v:77]
CRITICAL WARNING: [Synth 8-6858] multi-driven net Q is connected to at least one constant driver which has been preserved, other driver is ignored [/home/bowang1308/Documents/Ed25519_DBQ/Ed25519_DBQ.srcs/sources_1/new/ECPD_SM.v:77]
CRITICAL WARNING: [Synth 8-6859] multi-driven net on pin Q with 1st driver pin 'result_reg_reg[255]/Q' [/home/bowang1308/Documents/Ed25519_DBQ/Ed25519_DBQ.srcs/sources_1/new/invert.v:329]
CRITICAL WARNING: [Synth 8-6859] multi-driven net on pin Q with 2nd driver pin 'GND' [/home/bowang1308/Documents/Ed25519_DBQ/Ed25519_DBQ.srcs/sources_1/new/invert.v:329]
CRITICAL WARNING: [Synth 8-6858] multi-driven net Q is connected to at least one constant driver which has been preserved, other driver is ignored [/home/bowang1308/Documents/Ed25519_DBQ/Ed25519_DBQ.srcs/sources_1/new/invert.v:329]
CRITICAL WARNING: [Synth 8-6859] multi-driven net on pin Q with 1st driver pin 'result_reg_reg[254]/Q' [/home/bowang1308/Documents/Ed25519_DBQ/Ed25519_DBQ.srcs/sources_1/new/invert.v:329]
CRITICAL WARNING: [Synth 8-6859] multi-driven net on pin Q with 2nd driver pin 'GND' [/home/bowang1308/Documents/Ed25519_DBQ/Ed25519_DBQ.srcs/sources_1/new/invert.v:329]
CRITICAL WARNING: [Synth 8-6858] multi-driven net Q is connected to at least one constant driver which has been preserved, other driver is ignored [/home/bowang1308/Documents/Ed25519_DBQ/Ed25519_DBQ.srcs/sources_1/new/invert.v:329]
CRITICAL WARNING: [Synth 8-6859] multi-driven net on pin Q with 1st driver pin 'result_reg_reg[253]/Q' [/home/bowang1308/Documents/Ed25519_DBQ/Ed25519_DBQ.srcs/sources_1/new/invert.v:329]
CRITICAL WARNING: [Synth 8-6859] multi-driven net on pin Q with 2nd driver pin 'GND' [/home/bowang1308/Documents/Ed25519_DBQ/Ed25519_DBQ.srcs/sources_1/new/invert.v:329]
CRITICAL WARNING: [Synth 8-6858] multi-driven net Q is connected to at least one constant driver which has been preserved, other driver is ignored [/home/bowang1308/Documents/Ed25519_DBQ/Ed25519_DBQ.srcs/sources_1/new/invert.v:329]
CRITICAL WARNING: [Synth 8-6859] multi-driven net on pin Q with 1st driver pin 'result_reg_reg[252]/Q' [/home/bowang1308/Documents/Ed25519_DBQ/Ed25519_DBQ.srcs/sources_1/new/invert.v:329]
CRITICAL WARNING: [Synth 8-6859] multi-driven net on pin Q with 2nd driver pin 'GND' [/home/bowang1308/Documents/Ed25519_DBQ/Ed25519_DBQ.srcs/sources_1/new/invert.v:329]
INFO: [Common 17-14] Message 'Synth 8-6859' appears 100 times and further instances of the messages will be disabled. Use the Tcl command set_msg_config to change the current settings.
CRITICAL WARNING: [Synth 8-6858] multi-driven net Q is connected to at least one constant driver which has been preserved, other driver is ignored [/home/bowang1308/Documents/Ed25519_DBQ/Ed25519_DBQ.srcs/sources_1/new/invert.v:329]
CRITICAL WARNING: [Synth 8-6858] multi-driven net Q is connected to at least one constant driver which has been preserved, other driver is ignored [/home/bowang1308/Documents/Ed25519_DBQ/Ed25519_DBQ.srcs/sources_1/new/invert.v:329]
CRITICAL WARNING: [Synth 8-6858] multi-driven net Q is connected to at least one constant driver which has been preserved, other driver is ignored [/home/bowang1308/Documents/Ed25519_DBQ/Ed25519_DBQ.srcs/sources_1/new/invert.v:329]
CRITICAL WARNING: [Synth 8-6858] multi-driven net Q is connected to at least one constant driver which has been preserved, other driver is ignored [/home/bowang1308/Documents/Ed25519_DBQ/Ed25519_DBQ.srcs/sources_1/new/invert.v:329]
CRITICAL WARNING: [Synth 8-6858] multi-driven net Q is connected to at least one constant driver which has been preserved, other driver is ignored [/home/bowang1308/Documents/Ed25519_DBQ/Ed25519_DBQ.srcs/sources_1/new/invert.v:329]
CRITICAL WARNING: [Synth 8-6858] multi-driven net Q is connected to at least one constant driver which has been preserved, other driver is ignored [/home/bowang1308/Documents/Ed25519_DBQ/Ed25519_DBQ.srcs/sources_1/new/invert.v:329]
CRITICAL WARNING: [Synth 8-6858] multi-driven net Q is connected to at least one constant driver which has been preserved, other driver is ignored [/home/bowang1308/Documents/Ed25519_DBQ/Ed25519_DBQ.srcs/sources_1/new/invert.v:329]
CRITICAL WARNING: [Synth 8-6858] multi-driven net Q is connected to at least one constant driver which has been preserved, other driver is ignored [/home/bowang1308/Documents/Ed25519_DBQ/Ed25519_DBQ.srcs/sources_1/new/invert.v:329]
CRITICAL WARNING: [Synth 8-6858] multi-driven net Q is connected to at least one constant driver which has been preserved, other driver is ignored [/home/bowang1308/Documents/Ed25519_DBQ/Ed25519_DBQ.srcs/sources_1/new/invert.v:329]
CRITICAL WARNING: [Synth 8-6858] multi-driven net Q is connected to at least one constant driver which has been preserved, other driver is ignored [/home/bowang1308/Documents/Ed25519_DBQ/Ed25519_DBQ.srcs/sources_1/new/invert.v:329]
CRITICAL WARNING: [Synth 8-6858] multi-driven net Q is connected to at least one constant driver which has been preserved, other driver is ignored [/home/bowang1308/Documents/Ed25519_DBQ/Ed25519_DBQ.srcs/sources_1/new/invert.v:329]
CRITICAL WARNING: [Synth 8-6858] multi-driven net Q is connected to at least one constant driver which has been preserved, other driver is ignored [/home/bowang1308/Documents/Ed25519_DBQ/Ed25519_DBQ.srcs/sources_1/new/invert.v:329]
CRITICAL WARNING: [Synth 8-6858] multi-driven net Q is connected to at least one constant driver which has been preserved, other driver is ignored [/home/bowang1308/Documents/Ed25519_DBQ/Ed25519_DBQ.srcs/sources_1/new/invert.v:329]
CRITICAL WARNING: [Synth 8-6858] multi-driven net Q is connected to at least one constant driver which has been preserved, other driver is ignored [/home/bowang1308/Documents/Ed25519_DBQ/Ed25519_DBQ.srcs/sources_1/new/invert.v:329]
CRITICAL WARNING: [Synth 8-6858] multi-driven net Q is connected to at least one constant driver which has been preserved, other driver is ignored [/home/bowang1308/Documents/Ed25519_DBQ/Ed25519_DBQ.srcs/sources_1/new/invert.v:329]
CRITICAL WARNING: [Synth 8-6858] multi-driven net Q is connected to at least one constant driver which has been preserved, other driver is ignored [/home/bowang1308/Documents/Ed25519_DBQ/Ed25519_DBQ.srcs/sources_1/new/invert.v:329]
CRITICAL WARNING: [Synth 8-6858] multi-driven net Q is connected to at least one constant driver which has been preserved, other driver is ignored [/home/bowang1308/Documents/Ed25519_DBQ/Ed25519_DBQ.srcs/sources_1/new/invert.v:329]
CRITICAL WARNING: [Synth 8-6858] multi-driven net Q is connected to at least one constant driver which has been preserved, other driver is ignored [/home/bowang1308/Documents/Ed25519_DBQ/Ed25519_DBQ.srcs/sources_1/new/invert.v:329]
CRITICAL WARNING: [Synth 8-6858] multi-driven net Q is connected to at least one constant driver which has been preserved, other driver is ignored [/home/bowang1308/Documents/Ed25519_DBQ/Ed25519_DBQ.srcs/sources_1/new/invert.v:329]
CRITICAL WARNING: [Synth 8-6858] multi-driven net Q is connected to at least one constant driver which has been preserved, other driver is ignored [/home/bowang1308/Documents/Ed25519_DBQ/Ed25519_DBQ.srcs/sources_1/new/invert.v:329]
CRITICAL WARNING: [Synth 8-6858] multi-driven net Q is connected to at least one constant driver which has been preserved, other driver is ignored [/home/bowang1308/Documents/Ed25519_DBQ/Ed25519_DBQ.srcs/sources_1/new/invert.v:329]
CRITICAL WARNING: [Synth 8-6858] multi-driven net Q is connected to at least one constant driver which has been preserved, other driver is ignored [/home/bowang1308/Documents/Ed25519_DBQ/Ed25519_DBQ.srcs/sources_1/new/invert.v:329]
CRITICAL WARNING: [Synth 8-6858] multi-driven net Q is connected to at least one constant driver which has been preserved, other driver is ignored [/home/bowang1308/Documents/Ed25519_DBQ/Ed25519_DBQ.srcs/sources_1/new/invert.v:329]
CRITICAL WARNING: [Synth 8-6858] multi-driven net Q is connected to at least one constant driver which has been preserved, other driver is ignored [/home/bowang1308/Documents/Ed25519_DBQ/Ed25519_DBQ.srcs/sources_1/new/invert.v:329]
CRITICAL WARNING: [Synth 8-6858] multi-driven net Q is connected to at least one constant driver which has been preserved, other driver is ignored [/home/bowang1308/Documents/Ed25519_DBQ/Ed25519_DBQ.srcs/sources_1/new/invert.v:329]
CRITICAL WARNING: [Synth 8-6858] multi-driven net Q is connected to at least one constant driver which has been preserved, other driver is ignored [/home/bowang1308/Documents/Ed25519_DBQ/Ed25519_DBQ.srcs/sources_1/new/invert.v:329]
CRITICAL WARNING: [Synth 8-6858] multi-driven net Q is connected to at least one constant driver which has been preserved, other driver is ignored [/home/bowang1308/Documents/Ed25519_DBQ/Ed25519_DBQ.srcs/sources_1/new/invert.v:329]
CRITICAL WARNING: [Synth 8-6858] multi-driven net Q is connected to at least one constant driver which has been preserved, other driver is ignored [/home/bowang1308/Documents/Ed25519_DBQ/Ed25519_DBQ.srcs/sources_1/new/invert.v:329]
CRITICAL WARNING: [Synth 8-6858] multi-driven net Q is connected to at least one constant driver which has been preserved, other driver is ignored [/home/bowang1308/Documents/Ed25519_DBQ/Ed25519_DBQ.srcs/sources_1/new/invert.v:329]
CRITICAL WARNING: [Synth 8-6858] multi-driven net Q is connected to at least one constant driver which has been preserved, other driver is ignored [/home/bowang1308/Documents/Ed25519_DBQ/Ed25519_DBQ.srcs/sources_1/new/invert.v:329]
CRITICAL WARNING: [Synth 8-6858] multi-driven net Q is connected to at least one constant driver which has been preserved, other driver is ignored [/home/bowang1308/Documents/Ed25519_DBQ/Ed25519_DBQ.srcs/sources_1/new/invert.v:329]
CRITICAL WARNING: [Synth 8-6858] multi-driven net Q is connected to at least one constant driver which has been preserved, other driver is ignored [/home/bowang1308/Documents/Ed25519_DBQ/Ed25519_DBQ.srcs/sources_1/new/invert.v:329]
CRITICAL WARNING: [Synth 8-6858] multi-driven net Q is connected to at least one constant driver which has been preserved, other driver is ignored [/home/bowang1308/Documents/Ed25519_DBQ/Ed25519_DBQ.srcs/sources_1/new/invert.v:329]
CRITICAL WARNING: [Synth 8-6858] multi-driven net Q is connected to at least one constant driver which has been preserved, other driver is ignored [/home/bowang1308/Documents/Ed25519_DBQ/Ed25519_DBQ.srcs/sources_1/new/invert.v:329]
CRITICAL WARNING: [Synth 8-6858] multi-driven net Q is connected to at least one constant driver which has been preserved, other driver is ignored [/home/bowang1308/Documents/Ed25519_DBQ/Ed25519_DBQ.srcs/sources_1/new/invert.v:329]
CRITICAL WARNING: [Synth 8-6858] multi-driven net Q is connected to at least one constant driver which has been preserved, other driver is ignored [/home/bowang1308/Documents/Ed25519_DBQ/Ed25519_DBQ.srcs/sources_1/new/invert.v:329]
CRITICAL WARNING: [Synth 8-6858] multi-driven net Q is connected to at least one constant driver which has been preserved, other driver is ignored [/home/bowang1308/Documents/Ed25519_DBQ/Ed25519_DBQ.srcs/sources_1/new/invert.v:329]
CRITICAL WARNING: [Synth 8-6858] multi-driven net Q is connected to at least one constant driver which has been preserved, other driver is ignored [/home/bowang1308/Documents/Ed25519_DBQ/Ed25519_DBQ.srcs/sources_1/new/invert.v:329]
CRITICAL WARNING: [Synth 8-6858] multi-driven net Q is connected to at least one constant driver which has been preserved, other driver is ignored [/home/bowang1308/Documents/Ed25519_DBQ/Ed25519_DBQ.srcs/sources_1/new/invert.v:329]
CRITICAL WARNING: [Synth 8-6858] multi-driven net Q is connected to at least one constant driver which has been preserved, other driver is ignored [/home/bowang1308/Documents/Ed25519_DBQ/Ed25519_DBQ.srcs/sources_1/new/invert.v:329]
CRITICAL WARNING: [Synth 8-6858] multi-driven net Q is connected to at least one constant driver which has been preserved, other driver is ignored [/home/bowang1308/Documents/Ed25519_DBQ/Ed25519_DBQ.srcs/sources_1/new/invert.v:329]
CRITICAL WARNING: [Synth 8-6858] multi-driven net Q is connected to at least one constant driver which has been preserved, other driver is ignored [/home/bowang1308/Documents/Ed25519_DBQ/Ed25519_DBQ.srcs/sources_1/new/invert.v:329]
CRITICAL WARNING: [Synth 8-6858] multi-driven net Q is connected to at least one constant driver which has been preserved, other driver is ignored [/home/bowang1308/Documents/Ed25519_DBQ/Ed25519_DBQ.srcs/sources_1/new/invert.v:329]
CRITICAL WARNING: [Synth 8-6858] multi-driven net Q is connected to at least one constant driver which has been preserved, other driver is ignored [/home/bowang1308/Documents/Ed25519_DBQ/Ed25519_DBQ.srcs/sources_1/new/invert.v:329]
CRITICAL WARNING: [Synth 8-6858] multi-driven net Q is connected to at least one constant driver which has been preserved, other driver is ignored [/home/bowang1308/Documents/Ed25519_DBQ/Ed25519_DBQ.srcs/sources_1/new/invert.v:329]
CRITICAL WARNING: [Synth 8-6858] multi-driven net Q is connected to at least one constant driver which has been preserved, other driver is ignored [/home/bowang1308/Documents/Ed25519_DBQ/Ed25519_DBQ.srcs/sources_1/new/invert.v:329]
INFO: [Common 17-14] Message 'Synth 8-6859' appears 100 times and further instances of the messages will be disabled. Use the Tcl command set_msg_config to change the current settings.
CRITICAL WARNING: [Synth 8-6858] multi-driven net Q is connected to at least one constant driver which has been preserved, other driver is ignored [/home/bowang1308/Documents/Ed25519_DBQ/Ed25519_DBQ.srcs/sources_1/new/invert.v:329]
CRITICAL WARNING: [Synth 8-6858] multi-driven net Q is connected to at least one constant driver which has been preserved, other driver is ignored [/home/bowang1308/Documents/Ed25519_DBQ/Ed25519_DBQ.srcs/sources_1/new/invert.v:329]
CRITICAL WARNING: [Synth 8-6858] multi-driven net Q is connected to at least one constant driver which has been preserved, other driver is ignored [/home/bowang1308/Documents/Ed25519_DBQ/Ed25519_DBQ.srcs/sources_1/new/invert.v:329]
CRITICAL WARNING: [Synth 8-6858] multi-driven net Q is connected to at least one constant driver which has been preserved, other driver is ignored [/home/bowang1308/Documents/Ed25519_DBQ/Ed25519_DBQ.srcs/sources_1/new/invert.v:329]
CRITICAL WARNING: [Synth 8-6858] multi-driven net Q is connected to at least one constant driver which has been preserved, other driver is ignored [/home/bowang1308/Documents/Ed25519_DBQ/Ed25519_DBQ.srcs/sources_1/new/invert.v:329]
INFO: [Common 17-14] Message 'Synth 8-6858' appears 100 times and further instances of the messages will be disabled. Use the Tcl command set_msg_config to change the current settings.
INFO: [Common 17-14] Message 'Synth 8-6858' appears 100 times and further instances of the messages will be disabled. Use the Tcl command set_msg_config to change the current settings.
INFO: [Common 17-14] Message 'Synth 8-6859' appears 100 times and further instances of the messages will be disabled. Use the Tcl command set_msg_config to change the current settings.
INFO: [Common 17-14] Message 'Synth 8-6858' appears 100 times and further instances of the messages will be disabled. Use the Tcl command set_msg_config to change the current settings.
---------------------------------------------------------------------------------
Finished Cross Boundary and Area Optimization : Time (s): cpu = 00:00:27 ; elapsed = 00:01:17 . Memory (MB): peak = 2877.488 ; gain = 773.699 ; free physical = 145 ; free virtual = 10065
---------------------------------------------------------------------------------
---------------------------------------------------------------------------------
Start ROM, RAM, DSP, Shift Register and Retiming Reporting
---------------------------------------------------------------------------------

ROM: Preliminary Mapping Report
+------------+------------+---------------+----------------+
|Module Name | RTL Object | Depth x Width | Implemented As | 
+------------+------------+---------------+----------------+
|invert      | next_state | 32x5          | LUT            | 
+------------+------------+---------------+----------------+


Distributed RAM: Preliminary Mapping Report (see note below)
+-----------------+------------+-----------+----------------------+--------------+
|Module Name      | RTL Object | Inference | Size (Depth x Width) | Primitives   | 
+-----------------+------------+-----------+----------------------+--------------+
|point_multi_core | mem_reg    | Implied   | 8 x 255              | RAM32M x 43  | 
+-----------------+------------+-----------+----------------------+--------------+

Note: The table above is a preliminary report that shows the Distributed RAMs at the current stage of the synthesis flow. Some Distributed RAMs may be reimplemented as non Distributed RAM primitives later in the synthesis flow. Multiple instantiated RAMs are reported only once.
---------------------------------------------------------------------------------
Finished ROM, RAM, DSP, Shift Register and Retiming Reporting
---------------------------------------------------------------------------------
No constraint files found.
---------------------------------------------------------------------------------
Start Timing Optimization
---------------------------------------------------------------------------------
---------------------------------------------------------------------------------
Finished Timing Optimization : Time (s): cpu = 00:00:30 ; elapsed = 00:01:20 . Memory (MB): peak = 2877.488 ; gain = 773.699 ; free physical = 143 ; free virtual = 10078
---------------------------------------------------------------------------------
---------------------------------------------------------------------------------
Start ROM, RAM, DSP, Shift Register and Retiming Reporting
---------------------------------------------------------------------------------

Distributed RAM: Final Mapping Report
+-----------------+------------+-----------+----------------------+--------------+
|Module Name      | RTL Object | Inference | Size (Depth x Width) | Primitives   | 
+-----------------+------------+-----------+----------------------+--------------+
|point_multi_core | mem_reg    | Implied   | 8 x 255              | RAM32M x 43  | 
|point_multi_core | mem_reg    | Implied   | 8 x 255              | RAM32M x 43  | 
+-----------------+------------+-----------+----------------------+--------------+

---------------------------------------------------------------------------------
Finished ROM, RAM, DSP, Shift Register and Retiming Reporting
---------------------------------------------------------------------------------
---------------------------------------------------------------------------------
Start Technology Mapping
---------------------------------------------------------------------------------
WARNING: [Synth 8-7080] Parallel synthesis criteria is not met
---------------------------------------------------------------------------------
Finished Technology Mapping : Time (s): cpu = 00:00:33 ; elapsed = 00:01:24 . Memory (MB): peak = 2877.488 ; gain = 773.699 ; free physical = 137 ; free virtual = 10077
---------------------------------------------------------------------------------
---------------------------------------------------------------------------------
Start IO Insertion
---------------------------------------------------------------------------------
---------------------------------------------------------------------------------
Start Flattening Before IO Insertion
---------------------------------------------------------------------------------
---------------------------------------------------------------------------------
Finished Flattening Before IO Insertion
---------------------------------------------------------------------------------
---------------------------------------------------------------------------------
Start Final Netlist Cleanup
---------------------------------------------------------------------------------
---------------------------------------------------------------------------------
Finished Final Netlist Cleanup
---------------------------------------------------------------------------------
---------------------------------------------------------------------------------
Finished IO Insertion : Time (s): cpu = 00:00:39 ; elapsed = 00:01:33 . Memory (MB): peak = 2877.488 ; gain = 773.699 ; free physical = 146 ; free virtual = 9890
---------------------------------------------------------------------------------
---------------------------------------------------------------------------------
Start Renaming Generated Instances
---------------------------------------------------------------------------------
---------------------------------------------------------------------------------
Finished Renaming Generated Instances : Time (s): cpu = 00:00:39 ; elapsed = 00:01:33 . Memory (MB): peak = 2877.488 ; gain = 773.699 ; free physical = 146 ; free virtual = 9890
---------------------------------------------------------------------------------
---------------------------------------------------------------------------------
Start Rebuilding User Hierarchy
---------------------------------------------------------------------------------
---------------------------------------------------------------------------------
Finished Rebuilding User Hierarchy : Time (s): cpu = 00:00:40 ; elapsed = 00:01:34 . Memory (MB): peak = 2877.488 ; gain = 773.699 ; free physical = 138 ; free virtual = 9883
---------------------------------------------------------------------------------
---------------------------------------------------------------------------------
Start Renaming Generated Ports
---------------------------------------------------------------------------------
---------------------------------------------------------------------------------
Finished Renaming Generated Ports : Time (s): cpu = 00:00:40 ; elapsed = 00:01:34 . Memory (MB): peak = 2877.488 ; gain = 773.699 ; free physical = 138 ; free virtual = 9883
---------------------------------------------------------------------------------
---------------------------------------------------------------------------------
Start Handling Custom Attributes
---------------------------------------------------------------------------------
---------------------------------------------------------------------------------
Finished Handling Custom Attributes : Time (s): cpu = 00:00:42 ; elapsed = 00:01:35 . Memory (MB): peak = 2877.488 ; gain = 773.699 ; free physical = 131 ; free virtual = 9878
---------------------------------------------------------------------------------
---------------------------------------------------------------------------------
Start Renaming Generated Nets
---------------------------------------------------------------------------------
---------------------------------------------------------------------------------
Finished Renaming Generated Nets : Time (s): cpu = 00:00:42 ; elapsed = 00:01:35 . Memory (MB): peak = 2877.488 ; gain = 773.699 ; free physical = 131 ; free virtual = 9878
---------------------------------------------------------------------------------
---------------------------------------------------------------------------------
Start Writing Synthesis Report
---------------------------------------------------------------------------------

Report BlackBoxes: 
+-+--------------+----------+
| |BlackBox name |Instances |
+-+--------------+----------+
+-+--------------+----------+

Report Cell Usage: 
+------+-------+------+
|      |Cell   |Count |
+------+-------+------+
|1     |BUFG   |     1|
|2     |CARRY4 |  2872|
|3     |LUT1   |   330|
|4     |LUT2   |  8830|
|5     |LUT3   |  1774|
|6     |LUT4   |  3092|
|7     |LUT5   |   865|
|8     |LUT6   |  2988|
|9     |MUXF7  |    94|
|10    |MUXF8  |    36|
|11    |RAM32M |    86|
|12    |FDCE   |  7058|
|13    |FDPE   |    35|
|14    |FDRE   |  3482|
|15    |IBUF   |   771|
|16    |OBUF   |   513|
+------+-------+------+

Report Instance Areas: 
+------+---------------+----------------------------+------+
|      |Instance       |Module                      |Cells |
+------+---------------+----------------------------+------+
|1     |top            |                            | 32827|
|2     |  SMSM         |Scalar_multi_SM             |   418|
|3     |  inv_unit     |invert                      | 16342|
|4     |    multiplier |Interleaved_Modular_Multi_2 | 12718|
|5     |      ramY     |ramY_2_3                    |  6949|
|6     |        mod_p  |mod_p_ed25519_seq_7         |  4473|
|7     |      regC     |REG_4                       |  1384|
|8     |      regS     |REG_5                       |   262|
|9     |      u_mod_p  |mod_p_ed25519_seq_6         |  3801|
|10    |  multi_unit   |Interleaved_Modular_Multi   | 12717|
|11    |    ramY       |ramY_2                      |  6953|
|12    |      mod_p    |mod_p_ed25519_seq_1         |  4475|
|13    |    regC       |REG                         |  1384|
|14    |    regS       |REG_0                       |   262|
|15    |    u_mod_p    |mod_p_ed25519_seq           |  3801|
+------+---------------+----------------------------+------+
---------------------------------------------------------------------------------
Finished Writing Synthesis Report : Time (s): cpu = 00:00:42 ; elapsed = 00:01:35 . Memory (MB): peak = 2877.488 ; gain = 773.699 ; free physical = 131 ; free virtual = 9878
---------------------------------------------------------------------------------
Synthesis finished with 0 errors, 538 critical warnings and 16 warnings.
terminate called after throwing an instance of 'boost::interprocess::interprocess_exception'
  what():  Bad file descriptor
/tools/Xilinx/Vivado/2023.1/bin/rdiArgs.sh: line 352: 14441 Aborted                 (core dumped) "$RDI_PROG" "$@"
Synthesis Optimization Runtime : Time (s): cpu = 00:01:21 ; elapsed = 00:01:43 . Memory (MB): peak = 2877.488 ; gain = 773.699 ; free physical = 5526 ; free virtual = 17893
Synthesis Optimization Complete : Time (s): cpu = 00:01:21 ; elapsed = 00:01:43 . Memory (MB): peak = 2877.488 ; gain = 773.699 ; free physical = 5525 ; free virtual = 17890
INFO: [Project 1-571] Translating synthesized netlist
Netlist sorting complete. Time (s): cpu = 00:00:00.15 ; elapsed = 00:00:00.15 . Memory (MB): peak = 2877.488 ; gain = 0.000 ; free physical = 5509 ; free virtual = 17890
INFO: [Netlist 29-17] Analyzing 3088 Unisim elements for replacement
INFO: [Netlist 29-28] Unisim Transformation completed in 0 CPU seconds
INFO: [Project 1-570] Preparing netlist for logic optimization
INFO: [Opt 31-138] Pushed 0 inverter(s) to 0 load pin(s).
Netlist sorting complete. Time (s): cpu = 00:00:00.01 ; elapsed = 00:00:00.01 . Memory (MB): peak = 2976.660 ; gain = 0.000 ; free physical = 5408 ; free virtual = 17865
INFO: [Project 1-111] Unisim Transformation Summary:
  A total of 86 instances were transformed.
  RAM32M => RAM32M (RAMD32(x6), RAMS32(x2)): 86 instances

Synth Design complete | Checksum: f3c687f2
INFO: [Common 17-83] Releasing license: Synthesis
187 Infos, 16 Warnings, 200 Critical Warnings and 0 Errors encountered.
synth_design completed successfully
synth_design: Time (s): cpu = 00:01:27 ; elapsed = 00:01:52 . Memory (MB): peak = 2976.660 ; gain = 881.777 ; free physical = 5329 ; free virtual = 17807
INFO: [Common 17-2834] synth_design peak Physical Memory [PSS] (MB): overall = 6452.731; main = 2112.431; forked = 5993.244
INFO: [Common 17-2834] synth_design peak Virtual Memory [VSS] (MB): overall = 15474.047; main = 2976.664; forked = 12600.469
INFO: [runtcl-6] Synthesis results are not added to the cache due to CRITICAL_WARNING
INFO: [Common 17-1381] The checkpoint '/home/bowang1308/Documents/Ed25519_DBQ/Ed25519_DBQ.runs/synth_1/point_multi_core.dcp' has been generated.
INFO: [runtcl-4] Executing : report_utilization -file point_multi_core_utilization_synth.rpt -pb point_multi_core_utilization_synth.pb
INFO: [Common 17-206] Exiting Vivado at Fri Aug  1 11:28:12 2025...
